// Validating benchmarks:
// ***** BenchmarkRunner: Start   *****
// ***** Found 12 benchmark(s) in total *****
// ***** Building 1 exe(s) in Parallel: Start   *****
// start dotnet  restore --nodeReuse:false /p:UseSharedCompilation=false /p:Deterministic=true /p:Optimize=true /p:ArtifactsPath="/Users/kokosda/Downloads/LINQ-Isnt-Slow-These-LINQ-Patterns-Are.Benchmarks/bin/Release/net10.0/LinqPatterns.Benchmarks-.NET 10.0.8-1/" /p:OutDir="/Users/kokosda/Downloads/LINQ-Isnt-Slow-These-LINQ-Patterns-Are.Benchmarks/bin/Release/net10.0/LinqPatterns.Benchmarks-.NET 10.0.8-1/bin/Release/net10.0/" /p:OutputPath="/Users/kokosda/Downloads/LINQ-Isnt-Slow-These-LINQ-Patterns-Are.Benchmarks/bin/Release/net10.0/LinqPatterns.Benchmarks-.NET 10.0.8-1/bin/Release/net10.0/" /p:PublishDir="/Users/kokosda/Downloads/LINQ-Isnt-Slow-These-LINQ-Patterns-Are.Benchmarks/bin/Release/net10.0/LinqPatterns.Benchmarks-.NET 10.0.8-1/publish/" in /Users/kokosda/Downloads/LINQ-Isnt-Slow-These-LINQ-Patterns-Are.Benchmarks/bin/Release/net10.0/LinqPatterns.Benchmarks-.NET 10.0.8-1
// command took 0.55 sec and exited with 0
// start dotnet  build -c Release --no-restore --nodeReuse:false /p:UseSharedCompilation=false /p:Deterministic=true /p:Optimize=true /p:ArtifactsPath="/Users/kokosda/Downloads/LINQ-Isnt-Slow-These-LINQ-Patterns-Are.Benchmarks/bin/Release/net10.0/LinqPatterns.Benchmarks-.NET 10.0.8-1/" /p:OutDir="/Users/kokosda/Downloads/LINQ-Isnt-Slow-These-LINQ-Patterns-Are.Benchmarks/bin/Release/net10.0/LinqPatterns.Benchmarks-.NET 10.0.8-1/bin/Release/net10.0/" /p:OutputPath="/Users/kokosda/Downloads/LINQ-Isnt-Slow-These-LINQ-Patterns-Are.Benchmarks/bin/Release/net10.0/LinqPatterns.Benchmarks-.NET 10.0.8-1/bin/Release/net10.0/" /p:PublishDir="/Users/kokosda/Downloads/LINQ-Isnt-Slow-These-LINQ-Patterns-Are.Benchmarks/bin/Release/net10.0/LinqPatterns.Benchmarks-.NET 10.0.8-1/publish/" --output "/Users/kokosda/Downloads/LINQ-Isnt-Slow-These-LINQ-Patterns-Are.Benchmarks/bin/Release/net10.0/LinqPatterns.Benchmarks-.NET 10.0.8-1/bin/Release/net10.0/" in /Users/kokosda/Downloads/LINQ-Isnt-Slow-These-LINQ-Patterns-Are.Benchmarks/bin/Release/net10.0/LinqPatterns.Benchmarks-.NET 10.0.8-1
// command took 1.94 sec and exited with 0
// ***** Done, took 00:00:02 (2.52 sec)   *****
// Found 12 benchmarks:
//   RepeatedEnumerationBenchmarks.EnumerateWhereThreeTimes: .NET 10.0.8(Runtime=.NET 10.0, Concurrent=True, Server=False, IterationCount=5, LaunchCount=1, WarmupCount=3) [Count=100, Source=Array]
//   RepeatedEnumerationBenchmarks.MaterializeThenEnumerateThreeTimes: .NET 10.0.8(Runtime=.NET 10.0, Concurrent=True, Server=False, IterationCount=5, LaunchCount=1, WarmupCount=3) [Count=100, Source=Array]
//   RepeatedEnumerationBenchmarks.EnumerateWhereThreeTimes: .NET 10.0.8(Runtime=.NET 10.0, Concurrent=True, Server=False, IterationCount=5, LaunchCount=1, WarmupCount=3) [Count=100, Source=Yield]
//   RepeatedEnumerationBenchmarks.MaterializeThenEnumerateThreeTimes: .NET 10.0.8(Runtime=.NET 10.0, Concurrent=True, Server=False, IterationCount=5, LaunchCount=1, WarmupCount=3) [Count=100, Source=Yield]
//   RepeatedEnumerationBenchmarks.EnumerateWhereThreeTimes: .NET 10.0.8(Runtime=.NET 10.0, Concurrent=True, Server=False, IterationCount=5, LaunchCount=1, WarmupCount=3) [Count=10000, Source=Array]
//   RepeatedEnumerationBenchmarks.MaterializeThenEnumerateThreeTimes: .NET 10.0.8(Runtime=.NET 10.0, Concurrent=True, Server=False, IterationCount=5, LaunchCount=1, WarmupCount=3) [Count=10000, Source=Array]
//   RepeatedEnumerationBenchmarks.EnumerateWhereThreeTimes: .NET 10.0.8(Runtime=.NET 10.0, Concurrent=True, Server=False, IterationCount=5, LaunchCount=1, WarmupCount=3) [Count=10000, Source=Yield]
//   RepeatedEnumerationBenchmarks.MaterializeThenEnumerateThreeTimes: .NET 10.0.8(Runtime=.NET 10.0, Concurrent=True, Server=False, IterationCount=5, LaunchCount=1, WarmupCount=3) [Count=10000, Source=Yield]
//   RepeatedEnumerationBenchmarks.EnumerateWhereThreeTimes: .NET 10.0.8(Runtime=.NET 10.0, Concurrent=True, Server=False, IterationCount=5, LaunchCount=1, WarmupCount=3) [Count=100000, Source=Array]
//   RepeatedEnumerationBenchmarks.MaterializeThenEnumerateThreeTimes: .NET 10.0.8(Runtime=.NET 10.0, Concurrent=True, Server=False, IterationCount=5, LaunchCount=1, WarmupCount=3) [Count=100000, Source=Array]
//   RepeatedEnumerationBenchmarks.EnumerateWhereThreeTimes: .NET 10.0.8(Runtime=.NET 10.0, Concurrent=True, Server=False, IterationCount=5, LaunchCount=1, WarmupCount=3) [Count=100000, Source=Yield]
//   RepeatedEnumerationBenchmarks.MaterializeThenEnumerateThreeTimes: .NET 10.0.8(Runtime=.NET 10.0, Concurrent=True, Server=False, IterationCount=5, LaunchCount=1, WarmupCount=3) [Count=100000, Source=Yield]

// **************************
// Benchmark: RepeatedEnumerationBenchmarks.EnumerateWhereThreeTimes: .NET 10.0.8(Runtime=.NET 10.0, Concurrent=True, Server=False, IterationCount=5, LaunchCount=1, WarmupCount=3) [Count=100, Source=Array]
// *** Execute ***
// Launch: 1 / 1
// Execute: dotnet "LinqPatterns.Benchmarks-.NET 10.0.8-1.dll" --anonymousPipes 129 130 --benchmarkName "LinqPatterns.Benchmarks.RepeatedEnumerationBenchmarks.EnumerateWhereThreeTimes(Count: 100, Source: Array)" --job ".NET 10.0.8" --benchmarkId 0 in /Users/kokosda/Downloads/LINQ-Isnt-Slow-These-LINQ-Patterns-Are.Benchmarks/bin/Release/net10.0/LinqPatterns.Benchmarks-.NET 10.0.8-1/bin/Release/net10.0
// Failed to set up high priority (Permission denied). In order to run benchmarks with high priority, make sure you have the right permissions.
// BeforeAnythingElse

// Benchmark Process Environment Information:
// BenchmarkDotNet v0.15.8
// Runtime=.NET 10.0.8 (10.0.8, 10.0.826.23019), Arm64 RyuJIT armv8.0-a
// GC=Concurrent Workstation
// HardwareIntrinsics=ArmBase+AdvSimd,AES,CRC32,DP,RDM,SHA1,SHA256 VectorSize=128
// Job: .NET 10.0.8(Concurrent=True, Server=False, IterationCount=5, LaunchCount=1, WarmupCount=3)

OverheadJitting  1: 1 op, 92000.00 ns, 92.0000 us/op
WorkloadJitting  1: 1 op, 96875.00 ns, 96.8750 us/op

OverheadJitting  2: 16 op, 186250.00 ns, 11.6406 us/op
WorkloadJitting  2: 16 op, 284333.00 ns, 17.7708 us/op

WorkloadPilot    1: 16 op, 108500.00 ns, 6.7813 us/op
WorkloadPilot    2: 32 op, 242875.00 ns, 7.5898 us/op
WorkloadPilot    3: 64 op, 527625.00 ns, 8.2441 us/op
WorkloadPilot    4: 128 op, 963833.00 ns, 7.5299 us/op
WorkloadPilot    5: 256 op, 1806375.00 ns, 7.0562 us/op
WorkloadPilot    6: 512 op, 3560709.00 ns, 6.9545 us/op
WorkloadPilot    7: 1024 op, 7070416.00 ns, 6.9047 us/op
WorkloadPilot    8: 2048 op, 14284917.00 ns, 6.9751 us/op
WorkloadPilot    9: 4096 op, 28720208.00 ns, 7.0118 us/op
WorkloadPilot   10: 8192 op, 57432791.00 ns, 7.0108 us/op
WorkloadPilot   11: 16384 op, 50243250.00 ns, 3.0666 us/op
WorkloadPilot   12: 32768 op, 10934250.00 ns, 333.6868 ns/op
WorkloadPilot   13: 65536 op, 26701708.00 ns, 407.4357 ns/op
WorkloadPilot   14: 131072 op, 50355750.00 ns, 384.1839 ns/op
WorkloadPilot   15: 262144 op, 105166458.00 ns, 401.1782 ns/op
WorkloadPilot   16: 524288 op, 203568667.00 ns, 388.2764 ns/op
WorkloadPilot   17: 1048576 op, 386341167.00 ns, 368.4436 ns/op
WorkloadPilot   18: 2097152 op, 789575708.00 ns, 376.4990 ns/op

OverheadWarmup   1: 2097152 op, 3721709.00 ns, 1.7746 ns/op
OverheadWarmup   2: 2097152 op, 3657167.00 ns, 1.7439 ns/op
OverheadWarmup   3: 2097152 op, 3744125.00 ns, 1.7853 ns/op
OverheadWarmup   4: 2097152 op, 3897000.00 ns, 1.8582 ns/op
OverheadWarmup   5: 2097152 op, 3676000.00 ns, 1.7529 ns/op
OverheadWarmup   6: 2097152 op, 3673584.00 ns, 1.7517 ns/op
OverheadWarmup   7: 2097152 op, 3737583.00 ns, 1.7822 ns/op
OverheadWarmup   8: 2097152 op, 3713167.00 ns, 1.7706 ns/op

OverheadActual   1: 2097152 op, 3719750.00 ns, 1.7737 ns/op
OverheadActual   2: 2097152 op, 3822292.00 ns, 1.8226 ns/op
OverheadActual   3: 2097152 op, 3841583.00 ns, 1.8318 ns/op
OverheadActual   4: 2097152 op, 3791417.00 ns, 1.8079 ns/op
OverheadActual   5: 2097152 op, 3676291.00 ns, 1.7530 ns/op
OverheadActual   6: 2097152 op, 3784334.00 ns, 1.8045 ns/op
OverheadActual   7: 2097152 op, 3734417.00 ns, 1.7807 ns/op
OverheadActual   8: 2097152 op, 3907208.00 ns, 1.8631 ns/op
OverheadActual   9: 2097152 op, 3669333.00 ns, 1.7497 ns/op
OverheadActual  10: 2097152 op, 3700291.00 ns, 1.7644 ns/op
OverheadActual  11: 2097152 op, 3723250.00 ns, 1.7754 ns/op
OverheadActual  12: 2097152 op, 3793375.00 ns, 1.8088 ns/op
OverheadActual  13: 2097152 op, 3715042.00 ns, 1.7715 ns/op
OverheadActual  14: 2097152 op, 3813667.00 ns, 1.8185 ns/op
OverheadActual  15: 2097152 op, 3738792.00 ns, 1.7828 ns/op

WorkloadWarmup   1: 2097152 op, 808155583.00 ns, 385.3586 ns/op
WorkloadWarmup   2: 2097152 op, 787785042.00 ns, 375.6452 ns/op
WorkloadWarmup   3: 2097152 op, 796064667.00 ns, 379.5932 ns/op

// BeforeActualRun
WorkloadActual   1: 2097152 op, 814233333.00 ns, 388.2567 ns/op
WorkloadActual   2: 2097152 op, 793789417.00 ns, 378.5083 ns/op
WorkloadActual   3: 2097152 op, 797392084.00 ns, 380.2262 ns/op
WorkloadActual   4: 2097152 op, 759941333.00 ns, 362.3683 ns/op
WorkloadActual   5: 2097152 op, 776122458.00 ns, 370.0840 ns/op

// AfterActualRun
WorkloadResult   1: 2097152 op, 810494541.00 ns, 386.4739 ns/op
WorkloadResult   2: 2097152 op, 790050625.00 ns, 376.7255 ns/op
WorkloadResult   3: 2097152 op, 793653292.00 ns, 378.4434 ns/op
WorkloadResult   4: 2097152 op, 756202541.00 ns, 360.5855 ns/op
WorkloadResult   5: 2097152 op, 772383666.00 ns, 368.3012 ns/op
// GC:  36 0 0 301989888 2097152
// Threading:  0 0 2097152

// AfterAll
// Benchmark Process 6935 has exited with code 0.

Mean = 374.106 ns, StdErr = 4.445 ns (1.19%), N = 5, StdDev = 9.939 ns
Min = 360.585 ns, Q1 = 368.301 ns, Median = 376.725 ns, Q3 = 378.443 ns, Max = 386.474 ns
IQR = 10.142 ns, LowerFence = 353.088 ns, UpperFence = 393.657 ns
ConfidenceInterval = [335.834 ns; 412.378 ns] (CI 99.9%), Margin = 38.272 ns (10.23% of Mean)
Skewness = -0.14, Kurtosis = 1.2, MValue = 2

// ** Remained 11 (91.7%) benchmark(s) to run. Estimated finish 2026-08-08 22:36 (0h 1m from now) **
// **************************
// Benchmark: RepeatedEnumerationBenchmarks.MaterializeThenEnumerateThreeTimes: .NET 10.0.8(Runtime=.NET 10.0, Concurrent=True, Server=False, IterationCount=5, LaunchCount=1, WarmupCount=3) [Count=100, Source=Array]
// *** Execute ***
// Launch: 1 / 1
// Execute: dotnet "LinqPatterns.Benchmarks-.NET 10.0.8-1.dll" --anonymousPipes 129 130 --benchmarkName "LinqPatterns.Benchmarks.RepeatedEnumerationBenchmarks.MaterializeThenEnumerateThreeTimes(Count: 100, Source: Array)" --job ".NET 10.0.8" --benchmarkId 1 in /Users/kokosda/Downloads/LINQ-Isnt-Slow-These-LINQ-Patterns-Are.Benchmarks/bin/Release/net10.0/LinqPatterns.Benchmarks-.NET 10.0.8-1/bin/Release/net10.0
// Failed to set up high priority (Permission denied). In order to run benchmarks with high priority, make sure you have the right permissions.
// BeforeAnythingElse

// Benchmark Process Environment Information:
// BenchmarkDotNet v0.15.8
// Runtime=.NET 10.0.8 (10.0.8, 10.0.826.23019), Arm64 RyuJIT armv8.0-a
// GC=Concurrent Workstation
// HardwareIntrinsics=ArmBase+AdvSimd,AES,CRC32,DP,RDM,SHA1,SHA256 VectorSize=128
// Job: .NET 10.0.8(Concurrent=True, Server=False, IterationCount=5, LaunchCount=1, WarmupCount=3)

OverheadJitting  1: 1 op, 94500.00 ns, 94.5000 us/op
WorkloadJitting  1: 1 op, 108125.00 ns, 108.1250 us/op

OverheadJitting  2: 16 op, 193625.00 ns, 12.1016 us/op
WorkloadJitting  2: 16 op, 236167.00 ns, 14.7604 us/op

WorkloadPilot    1: 16 op, 74166.00 ns, 4.6354 us/op
WorkloadPilot    2: 32 op, 171709.00 ns, 5.3659 us/op
WorkloadPilot    3: 64 op, 357208.00 ns, 5.5814 us/op
WorkloadPilot    4: 128 op, 711583.00 ns, 5.5592 us/op
WorkloadPilot    5: 256 op, 1351042.00 ns, 5.2775 us/op
WorkloadPilot    6: 512 op, 2595125.00 ns, 5.0686 us/op
WorkloadPilot    7: 1024 op, 5192875.00 ns, 5.0712 us/op
WorkloadPilot    8: 2048 op, 10401167.00 ns, 5.0787 us/op
WorkloadPilot    9: 4096 op, 20747459.00 ns, 5.0653 us/op
WorkloadPilot   10: 8192 op, 41545625.00 ns, 5.0715 us/op
WorkloadPilot   11: 16384 op, 84291333.00 ns, 5.1447 us/op
WorkloadPilot   12: 32768 op, 12626125.00 ns, 385.3188 ns/op
WorkloadPilot   13: 65536 op, 15022625.00 ns, 229.2271 ns/op
WorkloadPilot   14: 131072 op, 30709375.00 ns, 234.2939 ns/op
WorkloadPilot   15: 262144 op, 60019125.00 ns, 228.9548 ns/op
WorkloadPilot   16: 524288 op, 123100459.00 ns, 234.7955 ns/op
WorkloadPilot   17: 1048576 op, 241609125.00 ns, 230.4164 ns/op
WorkloadPilot   18: 2097152 op, 481392125.00 ns, 229.5457 ns/op
WorkloadPilot   19: 4194304 op, 956473625.00 ns, 228.0411 ns/op

OverheadWarmup   1: 4194304 op, 7637125.00 ns, 1.8208 ns/op
OverheadWarmup   2: 4194304 op, 7641833.00 ns, 1.8220 ns/op
OverheadWarmup   3: 4194304 op, 7575667.00 ns, 1.8062 ns/op
OverheadWarmup   4: 4194304 op, 7735208.00 ns, 1.8442 ns/op
OverheadWarmup   5: 4194304 op, 7526375.00 ns, 1.7944 ns/op

OverheadActual   1: 4194304 op, 7716792.00 ns, 1.8398 ns/op
OverheadActual   2: 4194304 op, 7745917.00 ns, 1.8468 ns/op
OverheadActual   3: 4194304 op, 7679292.00 ns, 1.8309 ns/op
OverheadActual   4: 4194304 op, 7503750.00 ns, 1.7890 ns/op
OverheadActual   5: 4194304 op, 7680334.00 ns, 1.8311 ns/op
OverheadActual   6: 4194304 op, 7558208.00 ns, 1.8020 ns/op
OverheadActual   7: 4194304 op, 7637791.00 ns, 1.8210 ns/op
OverheadActual   8: 4194304 op, 7579500.00 ns, 1.8071 ns/op
OverheadActual   9: 4194304 op, 7668584.00 ns, 1.8283 ns/op
OverheadActual  10: 4194304 op, 7647917.00 ns, 1.8234 ns/op
OverheadActual  11: 4194304 op, 7611917.00 ns, 1.8148 ns/op
OverheadActual  12: 4194304 op, 7517000.00 ns, 1.7922 ns/op
OverheadActual  13: 4194304 op, 7651916.00 ns, 1.8244 ns/op
OverheadActual  14: 4194304 op, 7673625.00 ns, 1.8295 ns/op
OverheadActual  15: 4194304 op, 7683541.00 ns, 1.8319 ns/op

WorkloadWarmup   1: 4194304 op, 957352541.00 ns, 228.2506 ns/op
WorkloadWarmup   2: 4194304 op, 960822334.00 ns, 229.0779 ns/op
WorkloadWarmup   3: 4194304 op, 959147583.00 ns, 228.6786 ns/op

// BeforeActualRun
WorkloadActual   1: 4194304 op, 962061792.00 ns, 229.3734 ns/op
WorkloadActual   2: 4194304 op, 955344583.00 ns, 227.7719 ns/op
WorkloadActual   3: 4194304 op, 960008166.00 ns, 228.8838 ns/op
WorkloadActual   4: 4194304 op, 962057333.00 ns, 229.3723 ns/op
WorkloadActual   5: 4194304 op, 953504209.00 ns, 227.3331 ns/op

// AfterActualRun
WorkloadResult   1: 4194304 op, 954409876.00 ns, 227.5490 ns/op
WorkloadResult   2: 4194304 op, 947692667.00 ns, 225.9475 ns/op
WorkloadResult   3: 4194304 op, 952356250.00 ns, 227.0594 ns/op
WorkloadResult   4: 4194304 op, 954405417.00 ns, 227.5480 ns/op
WorkloadResult   5: 4194304 op, 945852293.00 ns, 225.5088 ns/op
// GC:  168 0 0 1409286144 4194304
// Threading:  0 0 4194304

// AfterAll
// Benchmark Process 6948 has exited with code 0.

Mean = 226.723 ns, StdErr = 0.421 ns (0.19%), N = 5, StdDev = 0.942 ns
Min = 225.509 ns, Q1 = 225.948 ns, Median = 227.059 ns, Q3 = 227.548 ns, Max = 227.549 ns
IQR = 1.600 ns, LowerFence = 223.547 ns, UpperFence = 229.949 ns
ConfidenceInterval = [223.094 ns; 230.351 ns] (CI 99.9%), Margin = 3.629 ns (1.60% of Mean)
Skewness = -0.26, Kurtosis = 0.88, MValue = 2

// ** Remained 10 (83.3%) benchmark(s) to run. Estimated finish 2026-08-08 22:36 (0h 1m from now) **
// **************************
// Benchmark: RepeatedEnumerationBenchmarks.EnumerateWhereThreeTimes: .NET 10.0.8(Runtime=.NET 10.0, Concurrent=True, Server=False, IterationCount=5, LaunchCount=1, WarmupCount=3) [Count=100, Source=Yield]
// *** Execute ***
// Launch: 1 / 1
// Execute: dotnet "LinqPatterns.Benchmarks-.NET 10.0.8-1.dll" --anonymousPipes 129 130 --benchmarkName "LinqPatterns.Benchmarks.RepeatedEnumerationBenchmarks.EnumerateWhereThreeTimes(Count: 100, Source: Yield)" --job ".NET 10.0.8" --benchmarkId 2 in /Users/kokosda/Downloads/LINQ-Isnt-Slow-These-LINQ-Patterns-Are.Benchmarks/bin/Release/net10.0/LinqPatterns.Benchmarks-.NET 10.0.8-1/bin/Release/net10.0
// Failed to set up high priority (Permission denied). In order to run benchmarks with high priority, make sure you have the right permissions.
// BeforeAnythingElse

// Benchmark Process Environment Information:
// BenchmarkDotNet v0.15.8
// Runtime=.NET 10.0.8 (10.0.8, 10.0.826.23019), Arm64 RyuJIT armv8.0-a
// GC=Concurrent Workstation
// HardwareIntrinsics=ArmBase+AdvSimd,AES,CRC32,DP,RDM,SHA1,SHA256 VectorSize=128
// Job: .NET 10.0.8(Concurrent=True, Server=False, IterationCount=5, LaunchCount=1, WarmupCount=3)

OverheadJitting  1: 1 op, 84667.00 ns, 84.6670 us/op
WorkloadJitting  1: 1 op, 67709.00 ns, 67.7090 us/op

OverheadJitting  2: 16 op, 176167.00 ns, 11.0104 us/op
WorkloadJitting  2: 16 op, 225042.00 ns, 14.0651 us/op

WorkloadPilot    1: 16 op, 92084.00 ns, 5.7553 us/op
WorkloadPilot    2: 32 op, 218959.00 ns, 6.8425 us/op
WorkloadPilot    3: 64 op, 386708.00 ns, 6.0423 us/op
WorkloadPilot    4: 128 op, 698375.00 ns, 5.4561 us/op
WorkloadPilot    5: 256 op, 1339542.00 ns, 5.2326 us/op
WorkloadPilot    6: 512 op, 2663333.00 ns, 5.2018 us/op
WorkloadPilot    7: 1024 op, 5226500.00 ns, 5.1040 us/op
WorkloadPilot    8: 2048 op, 10589125.00 ns, 5.1705 us/op
WorkloadPilot    9: 4096 op, 21437000.00 ns, 5.2336 us/op
WorkloadPilot   10: 8192 op, 42671417.00 ns, 5.2089 us/op
WorkloadPilot   11: 16384 op, 81598042.00 ns, 4.9803 us/op
WorkloadPilot   12: 32768 op, 15654708.00 ns, 477.7438 ns/op
WorkloadPilot   13: 65536 op, 34077958.00 ns, 519.9884 ns/op
WorkloadPilot   14: 131072 op, 63150709.00 ns, 481.8017 ns/op
WorkloadPilot   15: 262144 op, 123750583.00 ns, 472.0710 ns/op
WorkloadPilot   16: 524288 op, 256505625.00 ns, 489.2457 ns/op
WorkloadPilot   17: 1048576 op, 505199916.00 ns, 481.7962 ns/op

OverheadWarmup   1: 1048576 op, 1972625.00 ns, 1.8812 ns/op
OverheadWarmup   2: 1048576 op, 1954292.00 ns, 1.8638 ns/op
OverheadWarmup   3: 1048576 op, 1934084.00 ns, 1.8445 ns/op
OverheadWarmup   4: 1048576 op, 1947917.00 ns, 1.8577 ns/op
OverheadWarmup   5: 1048576 op, 1940000.00 ns, 1.8501 ns/op
OverheadWarmup   6: 1048576 op, 1967750.00 ns, 1.8766 ns/op
OverheadWarmup   7: 1048576 op, 1961333.00 ns, 1.8705 ns/op

OverheadActual   1: 1048576 op, 1935250.00 ns, 1.8456 ns/op
OverheadActual   2: 1048576 op, 1922292.00 ns, 1.8332 ns/op
OverheadActual   3: 1048576 op, 1918459.00 ns, 1.8296 ns/op
OverheadActual   4: 1048576 op, 1920375.00 ns, 1.8314 ns/op
OverheadActual   5: 1048576 op, 1997625.00 ns, 1.9051 ns/op
OverheadActual   6: 1048576 op, 1929375.00 ns, 1.8400 ns/op
OverheadActual   7: 1048576 op, 1878000.00 ns, 1.7910 ns/op
OverheadActual   8: 1048576 op, 1911500.00 ns, 1.8229 ns/op
OverheadActual   9: 1048576 op, 1920833.00 ns, 1.8318 ns/op
OverheadActual  10: 1048576 op, 1892458.00 ns, 1.8048 ns/op
OverheadActual  11: 1048576 op, 1919458.00 ns, 1.8305 ns/op
OverheadActual  12: 1048576 op, 1935125.00 ns, 1.8455 ns/op
OverheadActual  13: 1048576 op, 1953292.00 ns, 1.8628 ns/op
OverheadActual  14: 1048576 op, 1900042.00 ns, 1.8120 ns/op
OverheadActual  15: 1048576 op, 1923625.00 ns, 1.8345 ns/op

WorkloadWarmup   1: 1048576 op, 507047958.00 ns, 483.5586 ns/op
WorkloadWarmup   2: 1048576 op, 518003250.00 ns, 494.0064 ns/op
WorkloadWarmup   3: 1048576 op, 498763000.00 ns, 475.6575 ns/op

// BeforeActualRun
WorkloadActual   1: 1048576 op, 498273333.00 ns, 475.1905 ns/op
WorkloadActual   2: 1048576 op, 493483667.00 ns, 470.6227 ns/op
WorkloadActual   3: 1048576 op, 502825208.00 ns, 479.5315 ns/op
WorkloadActual   4: 1048576 op, 499803042.00 ns, 476.6493 ns/op
WorkloadActual   5: 1048576 op, 501807875.00 ns, 478.5613 ns/op

// AfterActualRun
WorkloadResult   1: 1048576 op, 496352500.00 ns, 473.3586 ns/op
WorkloadResult   2: 1048576 op, 491562834.00 ns, 468.7908 ns/op
WorkloadResult   3: 1048576 op, 500904375.00 ns, 477.6996 ns/op
WorkloadResult   4: 1048576 op, 497882209.00 ns, 474.8175 ns/op
WorkloadResult   5: 1048576 op, 499887042.00 ns, 476.7294 ns/op
// GC:  21 0 0 176160768 1048576
// Threading:  0 0 1048576

// AfterAll
// Benchmark Process 6951 has exited with code 0.

Mean = 474.279 ns, StdErr = 1.565 ns (0.33%), N = 5, StdDev = 3.499 ns
Min = 468.791 ns, Q1 = 473.359 ns, Median = 474.817 ns, Q3 = 476.729 ns, Max = 477.700 ns
IQR = 3.371 ns, LowerFence = 468.302 ns, UpperFence = 481.786 ns
ConfidenceInterval = [460.807 ns; 487.751 ns] (CI 99.9%), Margin = 13.472 ns (2.84% of Mean)
Skewness = -0.52, Kurtosis = 1.44, MValue = 2

// ** Remained 9 (75.0%) benchmark(s) to run. Estimated finish 2026-08-08 22:36 (0h 1m from now) **
// **************************
// Benchmark: RepeatedEnumerationBenchmarks.MaterializeThenEnumerateThreeTimes: .NET 10.0.8(Runtime=.NET 10.0, Concurrent=True, Server=False, IterationCount=5, LaunchCount=1, WarmupCount=3) [Count=100, Source=Yield]
// *** Execute ***
// Launch: 1 / 1
// Execute: dotnet "LinqPatterns.Benchmarks-.NET 10.0.8-1.dll" --anonymousPipes 129 130 --benchmarkName "LinqPatterns.Benchmarks.RepeatedEnumerationBenchmarks.MaterializeThenEnumerateThreeTimes(Count: 100, Source: Yield)" --job ".NET 10.0.8" --benchmarkId 3 in /Users/kokosda/Downloads/LINQ-Isnt-Slow-These-LINQ-Patterns-Are.Benchmarks/bin/Release/net10.0/LinqPatterns.Benchmarks-.NET 10.0.8-1/bin/Release/net10.0
// Failed to set up high priority (Permission denied). In order to run benchmarks with high priority, make sure you have the right permissions.
// BeforeAnythingElse

// Benchmark Process Environment Information:
// BenchmarkDotNet v0.15.8
// Runtime=.NET 10.0.8 (10.0.8, 10.0.826.23019), Arm64 RyuJIT armv8.0-a
// GC=Concurrent Workstation
// HardwareIntrinsics=ArmBase+AdvSimd,AES,CRC32,DP,RDM,SHA1,SHA256 VectorSize=128
// Job: .NET 10.0.8(Concurrent=True, Server=False, IterationCount=5, LaunchCount=1, WarmupCount=3)

OverheadJitting  1: 1 op, 98958.00 ns, 98.9580 us/op
WorkloadJitting  1: 1 op, 78959.00 ns, 78.9590 us/op

OverheadJitting  2: 16 op, 193042.00 ns, 12.0651 us/op
WorkloadJitting  2: 16 op, 222125.00 ns, 13.8828 us/op

WorkloadPilot    1: 16 op, 77458.00 ns, 4.8411 us/op
WorkloadPilot    2: 32 op, 174625.00 ns, 5.4570 us/op
WorkloadPilot    3: 64 op, 340083.00 ns, 5.3138 us/op
WorkloadPilot    4: 128 op, 660084.00 ns, 5.1569 us/op
WorkloadPilot    5: 256 op, 1266166.00 ns, 4.9460 us/op
WorkloadPilot    6: 512 op, 2492084.00 ns, 4.8674 us/op
WorkloadPilot    7: 1024 op, 4875042.00 ns, 4.7608 us/op
WorkloadPilot    8: 2048 op, 9881875.00 ns, 4.8251 us/op
WorkloadPilot    9: 4096 op, 19616125.00 ns, 4.7891 us/op
WorkloadPilot   10: 8192 op, 39033208.00 ns, 4.7648 us/op
WorkloadPilot   11: 16384 op, 78827250.00 ns, 4.8112 us/op
WorkloadPilot   12: 32768 op, 23617709.00 ns, 720.7553 ns/op
WorkloadPilot   13: 65536 op, 21002375.00 ns, 320.4708 ns/op
WorkloadPilot   14: 131072 op, 40092917.00 ns, 305.8847 ns/op
WorkloadPilot   15: 262144 op, 81883791.00 ns, 312.3619 ns/op
WorkloadPilot   16: 524288 op, 164864208.00 ns, 314.4535 ns/op
WorkloadPilot   17: 1048576 op, 329135375.00 ns, 313.8880 ns/op
WorkloadPilot   18: 2097152 op, 660608083.00 ns, 315.0025 ns/op

OverheadWarmup   1: 2097152 op, 3937583.00 ns, 1.8776 ns/op
OverheadWarmup   2: 2097152 op, 3934000.00 ns, 1.8759 ns/op
OverheadWarmup   3: 2097152 op, 4074000.00 ns, 1.9426 ns/op
OverheadWarmup   4: 2097152 op, 3847750.00 ns, 1.8348 ns/op
OverheadWarmup   5: 2097152 op, 3839875.00 ns, 1.8310 ns/op
OverheadWarmup   6: 2097152 op, 3856708.00 ns, 1.8390 ns/op
OverheadWarmup   7: 2097152 op, 3895208.00 ns, 1.8574 ns/op
OverheadWarmup   8: 2097152 op, 3848208.00 ns, 1.8350 ns/op

OverheadActual   1: 2097152 op, 3833000.00 ns, 1.8277 ns/op
OverheadActual   2: 2097152 op, 3892750.00 ns, 1.8562 ns/op
OverheadActual   3: 2097152 op, 3835042.00 ns, 1.8287 ns/op
OverheadActual   4: 2097152 op, 3983875.00 ns, 1.8997 ns/op
OverheadActual   5: 2097152 op, 3838458.00 ns, 1.8303 ns/op
OverheadActual   6: 2097152 op, 3875583.00 ns, 1.8480 ns/op
OverheadActual   7: 2097152 op, 3831708.00 ns, 1.8271 ns/op
OverheadActual   8: 2097152 op, 3837167.00 ns, 1.8297 ns/op
OverheadActual   9: 2097152 op, 3825500.00 ns, 1.8241 ns/op
OverheadActual  10: 2097152 op, 3869291.00 ns, 1.8450 ns/op
OverheadActual  11: 2097152 op, 3826292.00 ns, 1.8245 ns/op
OverheadActual  12: 2097152 op, 3840208.00 ns, 1.8312 ns/op
OverheadActual  13: 2097152 op, 3841375.00 ns, 1.8317 ns/op
OverheadActual  14: 2097152 op, 3891208.00 ns, 1.8555 ns/op
OverheadActual  15: 2097152 op, 3834833.00 ns, 1.8286 ns/op

WorkloadWarmup   1: 2097152 op, 655839709.00 ns, 312.7287 ns/op
WorkloadWarmup   2: 2097152 op, 649925958.00 ns, 309.9088 ns/op
WorkloadWarmup   3: 2097152 op, 654231959.00 ns, 311.9621 ns/op

// BeforeActualRun
WorkloadActual   1: 2097152 op, 654734209.00 ns, 312.2016 ns/op
WorkloadActual   2: 2097152 op, 653225250.00 ns, 311.4821 ns/op
WorkloadActual   3: 2097152 op, 656766584.00 ns, 313.1707 ns/op
WorkloadActual   4: 2097152 op, 657789958.00 ns, 313.6587 ns/op
WorkloadActual   5: 2097152 op, 655063208.00 ns, 312.3585 ns/op

// AfterActualRun
WorkloadResult   1: 2097152 op, 650895751.00 ns, 310.3713 ns/op
WorkloadResult   2: 2097152 op, 649386792.00 ns, 309.6518 ns/op
WorkloadResult   3: 2097152 op, 652928126.00 ns, 311.3404 ns/op
WorkloadResult   4: 2097152 op, 653951500.00 ns, 311.8284 ns/op
WorkloadResult   5: 2097152 op, 651224750.00 ns, 310.5282 ns/op
// GC:  86 0 0 721420288 2097152
// Threading:  0 0 2097152

// AfterAll
// Benchmark Process 6954 has exited with code 0.

Mean = 310.744 ns, StdErr = 0.381 ns (0.12%), N = 5, StdDev = 0.853 ns
Min = 309.652 ns, Q1 = 310.371 ns, Median = 310.528 ns, Q3 = 311.340 ns, Max = 311.828 ns
IQR = 0.969 ns, LowerFence = 308.918 ns, UpperFence = 312.794 ns
ConfidenceInterval = [307.460 ns; 314.028 ns] (CI 99.9%), Margin = 3.284 ns (1.06% of Mean)
Skewness = 0.04, Kurtosis = 1.12, MValue = 2

// ** Remained 8 (66.7%) benchmark(s) to run. Estimated finish 2026-08-08 22:36 (0h 1m from now) **
// **************************
// Benchmark: RepeatedEnumerationBenchmarks.EnumerateWhereThreeTimes: .NET 10.0.8(Runtime=.NET 10.0, Concurrent=True, Server=False, IterationCount=5, LaunchCount=1, WarmupCount=3) [Count=10000, Source=Array]
// *** Execute ***
// Launch: 1 / 1
// Execute: dotnet "LinqPatterns.Benchmarks-.NET 10.0.8-1.dll" --anonymousPipes 129 130 --benchmarkName "LinqPatterns.Benchmarks.RepeatedEnumerationBenchmarks.EnumerateWhereThreeTimes(Count: 10000, Source: Array)" --job ".NET 10.0.8" --benchmarkId 4 in /Users/kokosda/Downloads/LINQ-Isnt-Slow-These-LINQ-Patterns-Are.Benchmarks/bin/Release/net10.0/LinqPatterns.Benchmarks-.NET 10.0.8-1/bin/Release/net10.0
// Failed to set up high priority (Permission denied). In order to run benchmarks with high priority, make sure you have the right permissions.
// BeforeAnythingElse

// Benchmark Process Environment Information:
// BenchmarkDotNet v0.15.8
// Runtime=.NET 10.0.8 (10.0.8, 10.0.826.23019), Arm64 RyuJIT armv8.0-a
// GC=Concurrent Workstation
// HardwareIntrinsics=ArmBase+AdvSimd,AES,CRC32,DP,RDM,SHA1,SHA256 VectorSize=128
// Job: .NET 10.0.8(Concurrent=True, Server=False, IterationCount=5, LaunchCount=1, WarmupCount=3)

OverheadJitting  1: 1 op, 82083.00 ns, 82.0830 us/op
WorkloadJitting  1: 1 op, 270542.00 ns, 270.5420 us/op

OverheadJitting  2: 16 op, 178042.00 ns, 11.1276 us/op
WorkloadJitting  2: 16 op, 2679584.00 ns, 167.4740 us/op

WorkloadPilot    1: 16 op, 2302375.00 ns, 143.8984 us/op
WorkloadPilot    2: 32 op, 4569584.00 ns, 142.7995 us/op
WorkloadPilot    3: 64 op, 9179792.00 ns, 143.4343 us/op
WorkloadPilot    4: 128 op, 17965541.00 ns, 140.3558 us/op
WorkloadPilot    5: 256 op, 35799750.00 ns, 139.8428 us/op
WorkloadPilot    6: 512 op, 71410292.00 ns, 139.4732 us/op
WorkloadPilot    7: 1024 op, 56177125.00 ns, 54.8605 us/op
WorkloadPilot    8: 2048 op, 85308125.00 ns, 41.6544 us/op
WorkloadPilot    9: 4096 op, 170454875.00 ns, 41.6150 us/op
WorkloadPilot   10: 8192 op, 324059958.00 ns, 39.5581 us/op
WorkloadPilot   11: 16384 op, 646452250.00 ns, 39.4563 us/op

OverheadWarmup   1: 16384 op, 32917.00 ns, 2.0091 ns/op
OverheadWarmup   2: 16384 op, 37375.00 ns, 2.2812 ns/op
OverheadWarmup   3: 16384 op, 34291.00 ns, 2.0930 ns/op
OverheadWarmup   4: 16384 op, 32666.00 ns, 1.9938 ns/op
OverheadWarmup   5: 16384 op, 31584.00 ns, 1.9277 ns/op
OverheadWarmup   6: 16384 op, 36708.00 ns, 2.2405 ns/op
OverheadWarmup   7: 16384 op, 33750.00 ns, 2.0599 ns/op

OverheadActual   1: 16384 op, 35875.00 ns, 2.1896 ns/op
OverheadActual   2: 16384 op, 31500.00 ns, 1.9226 ns/op
OverheadActual   3: 16384 op, 34375.00 ns, 2.0981 ns/op
OverheadActual   4: 16384 op, 31375.00 ns, 1.9150 ns/op
OverheadActual   5: 16384 op, 35291.00 ns, 2.1540 ns/op
OverheadActual   6: 16384 op, 34042.00 ns, 2.0778 ns/op
OverheadActual   7: 16384 op, 31292.00 ns, 1.9099 ns/op
OverheadActual   8: 16384 op, 31375.00 ns, 1.9150 ns/op
OverheadActual   9: 16384 op, 31209.00 ns, 1.9048 ns/op
OverheadActual  10: 16384 op, 31417.00 ns, 1.9175 ns/op
OverheadActual  11: 16384 op, 31375.00 ns, 1.9150 ns/op
OverheadActual  12: 16384 op, 33584.00 ns, 2.0498 ns/op
OverheadActual  13: 16384 op, 31250.00 ns, 1.9073 ns/op
OverheadActual  14: 16384 op, 29583.00 ns, 1.8056 ns/op
OverheadActual  15: 16384 op, 36625.00 ns, 2.2354 ns/op
OverheadActual  16: 16384 op, 31709.00 ns, 1.9354 ns/op
OverheadActual  17: 16384 op, 33375.00 ns, 2.0370 ns/op
OverheadActual  18: 16384 op, 31542.00 ns, 1.9252 ns/op
OverheadActual  19: 16384 op, 31125.00 ns, 1.8997 ns/op
OverheadActual  20: 16384 op, 32333.00 ns, 1.9734 ns/op

WorkloadWarmup   1: 16384 op, 634133625.00 ns, 38.7044 us/op
WorkloadWarmup   2: 16384 op, 640133042.00 ns, 39.0706 us/op
WorkloadWarmup   3: 16384 op, 660306291.00 ns, 40.3019 us/op

// BeforeActualRun
WorkloadActual   1: 16384 op, 634194583.00 ns, 38.7082 us/op
WorkloadActual   2: 16384 op, 621998000.00 ns, 37.9637 us/op
WorkloadActual   3: 16384 op, 623033541.00 ns, 38.0269 us/op
WorkloadActual   4: 16384 op, 608793583.00 ns, 37.1578 us/op
WorkloadActual   5: 16384 op, 657080333.00 ns, 40.1050 us/op

// AfterActualRun
WorkloadResult   1: 16384 op, 634163062.00 ns, 38.7062 us/op
WorkloadResult   2: 16384 op, 621966479.00 ns, 37.9618 us/op
WorkloadResult   3: 16384 op, 623002020.00 ns, 38.0250 us/op
WorkloadResult   4: 16384 op, 608762062.00 ns, 37.1559 us/op
// GC:  0 0 0 2359296 16384
// Threading:  0 0 16384

// AfterAll
// Benchmark Process 6959 has exited with code 0.

Mean = 37.962 μs, StdErr = 0.317 μs (0.84%), N = 4, StdDev = 0.634 μs
Min = 37.156 μs, Q1 = 37.760 μs, Median = 37.993 μs, Q3 = 38.195 μs, Max = 38.706 μs
IQR = 0.435 μs, LowerFence = 37.108 μs, UpperFence = 38.848 μs
ConfidenceInterval = [33.862 μs; 42.062 μs] (CI 99.9%), Margin = 4.100 μs (10.80% of Mean)
Skewness = -0.11, Kurtosis = 1.12, MValue = 2

// ** Remained 7 (58.3%) benchmark(s) to run. Estimated finish 2026-08-08 22:36 (0h 0m from now) **
// **************************
// Benchmark: RepeatedEnumerationBenchmarks.MaterializeThenEnumerateThreeTimes: .NET 10.0.8(Runtime=.NET 10.0, Concurrent=True, Server=False, IterationCount=5, LaunchCount=1, WarmupCount=3) [Count=10000, Source=Array]
// *** Execute ***
// Launch: 1 / 1
// Execute: dotnet "LinqPatterns.Benchmarks-.NET 10.0.8-1.dll" --anonymousPipes 129 130 --benchmarkName "LinqPatterns.Benchmarks.RepeatedEnumerationBenchmarks.MaterializeThenEnumerateThreeTimes(Count: 10000, Source: Array)" --job ".NET 10.0.8" --benchmarkId 5 in /Users/kokosda/Downloads/LINQ-Isnt-Slow-These-LINQ-Patterns-Are.Benchmarks/bin/Release/net10.0/LinqPatterns.Benchmarks-.NET 10.0.8-1/bin/Release/net10.0
// Failed to set up high priority (Permission denied). In order to run benchmarks with high priority, make sure you have the right permissions.
// BeforeAnythingElse

// Benchmark Process Environment Information:
// BenchmarkDotNet v0.15.8
// Runtime=.NET 10.0.8 (10.0.8, 10.0.826.23019), Arm64 RyuJIT armv8.0-a
// GC=Concurrent Workstation
// HardwareIntrinsics=ArmBase+AdvSimd,AES,CRC32,DP,RDM,SHA1,SHA256 VectorSize=128
// Job: .NET 10.0.8(Concurrent=True, Server=False, IterationCount=5, LaunchCount=1, WarmupCount=3)

OverheadJitting  1: 1 op, 78875.00 ns, 78.8750 us/op
WorkloadJitting  1: 1 op, 210458.00 ns, 210.4580 us/op

OverheadJitting  2: 16 op, 194250.00 ns, 12.1406 us/op
WorkloadJitting  2: 16 op, 2235458.00 ns, 139.7161 us/op

WorkloadPilot    1: 16 op, 2005375.00 ns, 125.3359 us/op
WorkloadPilot    2: 32 op, 4061833.00 ns, 126.9323 us/op
WorkloadPilot    3: 64 op, 7779084.00 ns, 121.5482 us/op
WorkloadPilot    4: 128 op, 15630500.00 ns, 122.1133 us/op
WorkloadPilot    5: 256 op, 31266333.00 ns, 122.1341 us/op
WorkloadPilot    6: 512 op, 62007084.00 ns, 121.1076 us/op
WorkloadPilot    7: 1024 op, 69744625.00 ns, 68.1100 us/op
WorkloadPilot    8: 2048 op, 82448708.00 ns, 40.2582 us/op
WorkloadPilot    9: 4096 op, 107744958.00 ns, 26.3049 us/op
WorkloadPilot   10: 8192 op, 214744833.00 ns, 26.2140 us/op
WorkloadPilot   11: 16384 op, 434298833.00 ns, 26.5075 us/op
WorkloadPilot   12: 32768 op, 864805916.00 ns, 26.3918 us/op

OverheadWarmup   1: 32768 op, 68583.00 ns, 2.0930 ns/op
OverheadWarmup   2: 32768 op, 63584.00 ns, 1.9404 ns/op
OverheadWarmup   3: 32768 op, 68791.00 ns, 2.0993 ns/op
OverheadWarmup   4: 32768 op, 104458.00 ns, 3.1878 ns/op
OverheadWarmup   5: 32768 op, 64708.00 ns, 1.9747 ns/op
OverheadWarmup   6: 32768 op, 65500.00 ns, 1.9989 ns/op
OverheadWarmup   7: 32768 op, 65833.00 ns, 2.0091 ns/op
OverheadWarmup   8: 32768 op, 59542.00 ns, 1.8171 ns/op

OverheadActual   1: 32768 op, 64917.00 ns, 1.9811 ns/op
OverheadActual   2: 32768 op, 66250.00 ns, 2.0218 ns/op
OverheadActual   3: 32768 op, 64792.00 ns, 1.9773 ns/op
OverheadActual   4: 32768 op, 63291.00 ns, 1.9315 ns/op
OverheadActual   5: 32768 op, 62917.00 ns, 1.9201 ns/op
OverheadActual   6: 32768 op, 68500.00 ns, 2.0905 ns/op
OverheadActual   7: 32768 op, 64417.00 ns, 1.9659 ns/op
OverheadActual   8: 32768 op, 59708.00 ns, 1.8221 ns/op
OverheadActual   9: 32768 op, 64667.00 ns, 1.9735 ns/op
OverheadActual  10: 32768 op, 64166.00 ns, 1.9582 ns/op
OverheadActual  11: 32768 op, 64583.00 ns, 1.9709 ns/op
OverheadActual  12: 32768 op, 64292.00 ns, 1.9620 ns/op
OverheadActual  13: 32768 op, 64042.00 ns, 1.9544 ns/op
OverheadActual  14: 32768 op, 64084.00 ns, 1.9557 ns/op
OverheadActual  15: 32768 op, 63916.00 ns, 1.9506 ns/op

WorkloadWarmup   1: 32768 op, 862297000.00 ns, 26.3152 us/op
WorkloadWarmup   2: 32768 op, 856302375.00 ns, 26.1323 us/op
WorkloadWarmup   3: 32768 op, 865001250.00 ns, 26.3977 us/op

// BeforeActualRun
WorkloadActual   1: 32768 op, 871677000.00 ns, 26.6015 us/op
WorkloadActual   2: 32768 op, 868779417.00 ns, 26.5130 us/op
WorkloadActual   3: 32768 op, 860506541.00 ns, 26.2606 us/op
WorkloadActual   4: 32768 op, 862498000.00 ns, 26.3214 us/op
WorkloadActual   5: 32768 op, 864587666.00 ns, 26.3851 us/op

// AfterActualRun
WorkloadResult   1: 32768 op, 871612708.00 ns, 26.5995 us/op
WorkloadResult   2: 32768 op, 868715125.00 ns, 26.5111 us/op
WorkloadResult   3: 32768 op, 860442249.00 ns, 26.2586 us/op
WorkloadResult   4: 32768 op, 862433708.00 ns, 26.3194 us/op
WorkloadResult   5: 32768 op, 864523374.00 ns, 26.3832 us/op
// GC:  104 9 0 879230976 32768
// Threading:  0 0 32768

// AfterAll
// Benchmark Process 6962 has exited with code 0.

Mean = 26.414 μs, StdErr = 0.062 μs (0.24%), N = 5, StdDev = 0.140 μs
Min = 26.259 μs, Q1 = 26.319 μs, Median = 26.383 μs, Q3 = 26.511 μs, Max = 26.600 μs
IQR = 0.192 μs, LowerFence = 26.032 μs, UpperFence = 26.799 μs
ConfidenceInterval = [25.877 μs; 26.952 μs] (CI 99.9%), Margin = 0.537 μs (2.03% of Mean)
Skewness = 0.19, Kurtosis = 1.02, MValue = 2

// ** Remained 6 (50.0%) benchmark(s) to run. Estimated finish 2026-08-08 22:36 (0h 0m from now) **
// **************************
// Benchmark: RepeatedEnumerationBenchmarks.EnumerateWhereThreeTimes: .NET 10.0.8(Runtime=.NET 10.0, Concurrent=True, Server=False, IterationCount=5, LaunchCount=1, WarmupCount=3) [Count=10000, Source=Yield]
// *** Execute ***
// Launch: 1 / 1
// Execute: dotnet "LinqPatterns.Benchmarks-.NET 10.0.8-1.dll" --anonymousPipes 129 130 --benchmarkName "LinqPatterns.Benchmarks.RepeatedEnumerationBenchmarks.EnumerateWhereThreeTimes(Count: 10000, Source: Yield)" --job ".NET 10.0.8" --benchmarkId 6 in /Users/kokosda/Downloads/LINQ-Isnt-Slow-These-LINQ-Patterns-Are.Benchmarks/bin/Release/net10.0/LinqPatterns.Benchmarks-.NET 10.0.8-1/bin/Release/net10.0
// Failed to set up high priority (Permission denied). In order to run benchmarks with high priority, make sure you have the right permissions.
// BeforeAnythingElse

// Benchmark Process Environment Information:
// BenchmarkDotNet v0.15.8
// Runtime=.NET 10.0.8 (10.0.8, 10.0.826.23019), Arm64 RyuJIT armv8.0-a
// GC=Concurrent Workstation
// HardwareIntrinsics=ArmBase+AdvSimd,AES,CRC32,DP,RDM,SHA1,SHA256 VectorSize=128
// Job: .NET 10.0.8(Concurrent=True, Server=False, IterationCount=5, LaunchCount=1, WarmupCount=3)

OverheadJitting  1: 1 op, 92000.00 ns, 92.0000 us/op
WorkloadJitting  1: 1 op, 329958.00 ns, 329.9580 us/op

OverheadJitting  2: 16 op, 177084.00 ns, 11.0678 us/op
WorkloadJitting  2: 16 op, 3957375.00 ns, 247.3359 us/op

WorkloadPilot    1: 16 op, 3615916.00 ns, 225.9948 us/op
WorkloadPilot    2: 32 op, 7154375.00 ns, 223.5742 us/op
WorkloadPilot    3: 64 op, 14449292.00 ns, 225.7702 us/op
WorkloadPilot    4: 128 op, 28737959.00 ns, 224.5153 us/op
WorkloadPilot    5: 256 op, 57666959.00 ns, 225.2616 us/op
WorkloadPilot    6: 512 op, 65651375.00 ns, 128.2253 us/op
WorkloadPilot    7: 1024 op, 45316542.00 ns, 44.2544 us/op
WorkloadPilot    8: 2048 op, 93311458.00 ns, 45.5622 us/op
WorkloadPilot    9: 4096 op, 183064125.00 ns, 44.6934 us/op
WorkloadPilot   10: 8192 op, 366234708.00 ns, 44.7064 us/op
WorkloadPilot   11: 16384 op, 735378792.00 ns, 44.8840 us/op

OverheadWarmup   1: 16384 op, 33208.00 ns, 2.0269 ns/op
OverheadWarmup   2: 16384 op, 37583.00 ns, 2.2939 ns/op
OverheadWarmup   3: 16384 op, 33875.00 ns, 2.0676 ns/op
OverheadWarmup   4: 16384 op, 31292.00 ns, 1.9099 ns/op
OverheadWarmup   5: 16384 op, 34125.00 ns, 2.0828 ns/op
OverheadWarmup   6: 16384 op, 34042.00 ns, 2.0778 ns/op

OverheadActual   1: 16384 op, 33875.00 ns, 2.0676 ns/op
OverheadActual   2: 16384 op, 33708.00 ns, 2.0574 ns/op
OverheadActual   3: 16384 op, 34625.00 ns, 2.1133 ns/op
OverheadActual   4: 16384 op, 37083.00 ns, 2.2634 ns/op
OverheadActual   5: 16384 op, 33667.00 ns, 2.0549 ns/op
OverheadActual   6: 16384 op, 31334.00 ns, 1.9125 ns/op
OverheadActual   7: 16384 op, 34250.00 ns, 2.0905 ns/op
OverheadActual   8: 16384 op, 33875.00 ns, 2.0676 ns/op
OverheadActual   9: 16384 op, 31834.00 ns, 1.9430 ns/op
OverheadActual  10: 16384 op, 33667.00 ns, 2.0549 ns/op
OverheadActual  11: 16384 op, 33917.00 ns, 2.0701 ns/op
OverheadActual  12: 16384 op, 31250.00 ns, 1.9073 ns/op
OverheadActual  13: 16384 op, 39500.00 ns, 2.4109 ns/op
OverheadActual  14: 16384 op, 30209.00 ns, 1.8438 ns/op
OverheadActual  15: 16384 op, 34000.00 ns, 2.0752 ns/op
OverheadActual  16: 16384 op, 36708.00 ns, 2.2405 ns/op
OverheadActual  17: 16384 op, 33875.00 ns, 2.0676 ns/op

WorkloadWarmup   1: 16384 op, 739764958.00 ns, 45.1517 us/op
WorkloadWarmup   2: 16384 op, 743930333.00 ns, 45.4059 us/op
WorkloadWarmup   3: 16384 op, 743364250.00 ns, 45.3714 us/op

// BeforeActualRun
WorkloadActual   1: 16384 op, 739945167.00 ns, 45.1627 us/op
WorkloadActual   2: 16384 op, 749439291.00 ns, 45.7421 us/op
WorkloadActual   3: 16384 op, 748901917.00 ns, 45.7093 us/op
WorkloadActual   4: 16384 op, 743163709.00 ns, 45.3591 us/op
WorkloadActual   5: 16384 op, 738866209.00 ns, 45.0968 us/op

// AfterActualRun
WorkloadResult   1: 16384 op, 739911292.00 ns, 45.1606 us/op
WorkloadResult   2: 16384 op, 749405416.00 ns, 45.7401 us/op
WorkloadResult   3: 16384 op, 748868042.00 ns, 45.7073 us/op
WorkloadResult   4: 16384 op, 743129834.00 ns, 45.3570 us/op
WorkloadResult   5: 16384 op, 738832334.00 ns, 45.0947 us/op
// GC:  0 0 0 2752512 16384
// Threading:  0 0 16384

// AfterAll
// Benchmark Process 6967 has exited with code 0.

Mean = 45.412 μs, StdErr = 0.134 μs (0.30%), N = 5, StdDev = 0.301 μs
Min = 45.095 μs, Q1 = 45.161 μs, Median = 45.357 μs, Q3 = 45.707 μs, Max = 45.740 μs
IQR = 0.547 μs, LowerFence = 44.341 μs, UpperFence = 46.527 μs
ConfidenceInterval = [44.254 μs; 46.570 μs] (CI 99.9%), Margin = 1.158 μs (2.55% of Mean)
Skewness = 0.1, Kurtosis = 0.82, MValue = 2

// ** Remained 5 (41.7%) benchmark(s) to run. Estimated finish 2026-08-08 22:36 (0h 0m from now) **
// **************************
// Benchmark: RepeatedEnumerationBenchmarks.MaterializeThenEnumerateThreeTimes: .NET 10.0.8(Runtime=.NET 10.0, Concurrent=True, Server=False, IterationCount=5, LaunchCount=1, WarmupCount=3) [Count=10000, Source=Yield]
// *** Execute ***
// Launch: 1 / 1
// Execute: dotnet "LinqPatterns.Benchmarks-.NET 10.0.8-1.dll" --anonymousPipes 129 130 --benchmarkName "LinqPatterns.Benchmarks.RepeatedEnumerationBenchmarks.MaterializeThenEnumerateThreeTimes(Count: 10000, Source: Yield)" --job ".NET 10.0.8" --benchmarkId 7 in /Users/kokosda/Downloads/LINQ-Isnt-Slow-These-LINQ-Patterns-Are.Benchmarks/bin/Release/net10.0/LinqPatterns.Benchmarks-.NET 10.0.8-1/bin/Release/net10.0
// Failed to set up high priority (Permission denied). In order to run benchmarks with high priority, make sure you have the right permissions.
// BeforeAnythingElse

// Benchmark Process Environment Information:
// BenchmarkDotNet v0.15.8
// Runtime=.NET 10.0.8 (10.0.8, 10.0.826.23019), Arm64 RyuJIT armv8.0-a
// GC=Concurrent Workstation
// HardwareIntrinsics=ArmBase+AdvSimd,AES,CRC32,DP,RDM,SHA1,SHA256 VectorSize=128
// Job: .NET 10.0.8(Concurrent=True, Server=False, IterationCount=5, LaunchCount=1, WarmupCount=3)

OverheadJitting  1: 1 op, 97750.00 ns, 97.7500 us/op
WorkloadJitting  1: 1 op, 308333.00 ns, 308.3330 us/op

OverheadJitting  2: 16 op, 175917.00 ns, 10.9948 us/op
WorkloadJitting  2: 16 op, 3519250.00 ns, 219.9531 us/op

WorkloadPilot    1: 16 op, 3361459.00 ns, 210.0912 us/op
WorkloadPilot    2: 32 op, 6712583.00 ns, 209.7682 us/op
WorkloadPilot    3: 64 op, 13273750.00 ns, 207.4023 us/op
WorkloadPilot    4: 128 op, 26833792.00 ns, 209.6390 us/op
WorkloadPilot    5: 256 op, 54055542.00 ns, 211.1545 us/op
WorkloadPilot    6: 512 op, 127213542.00 ns, 248.4639 us/op
WorkloadPilot    7: 1024 op, 75983250.00 ns, 74.2024 us/op
WorkloadPilot    8: 2048 op, 72559167.00 ns, 35.4293 us/op
WorkloadPilot    9: 4096 op, 150288084.00 ns, 36.6914 us/op
WorkloadPilot   10: 8192 op, 303422208.00 ns, 37.0388 us/op
WorkloadPilot   11: 16384 op, 592559291.00 ns, 36.1669 us/op

OverheadWarmup   1: 16384 op, 30834.00 ns, 1.8820 ns/op
OverheadWarmup   2: 16384 op, 34542.00 ns, 2.1083 ns/op
OverheadWarmup   3: 16384 op, 34667.00 ns, 2.1159 ns/op
OverheadWarmup   4: 16384 op, 34041.00 ns, 2.0777 ns/op
OverheadWarmup   5: 16384 op, 35167.00 ns, 2.1464 ns/op
OverheadWarmup   6: 16384 op, 34584.00 ns, 2.1108 ns/op

OverheadActual   1: 16384 op, 34125.00 ns, 2.0828 ns/op
OverheadActual   2: 16384 op, 34167.00 ns, 2.0854 ns/op
OverheadActual   3: 16384 op, 34792.00 ns, 2.1235 ns/op
OverheadActual   4: 16384 op, 30875.00 ns, 1.8845 ns/op
OverheadActual   5: 16384 op, 31625.00 ns, 1.9302 ns/op
OverheadActual   6: 16384 op, 31625.00 ns, 1.9302 ns/op
OverheadActual   7: 16384 op, 35209.00 ns, 2.1490 ns/op
OverheadActual   8: 16384 op, 32333.00 ns, 1.9734 ns/op
OverheadActual   9: 16384 op, 34000.00 ns, 2.0752 ns/op
OverheadActual  10: 16384 op, 34167.00 ns, 2.0854 ns/op
OverheadActual  11: 16384 op, 31875.00 ns, 1.9455 ns/op
OverheadActual  12: 16384 op, 30375.00 ns, 1.8539 ns/op
OverheadActual  13: 16384 op, 34792.00 ns, 2.1235 ns/op
OverheadActual  14: 16384 op, 33833.00 ns, 2.0650 ns/op
OverheadActual  15: 16384 op, 31750.00 ns, 1.9379 ns/op
OverheadActual  16: 16384 op, 32792.00 ns, 2.0015 ns/op

WorkloadWarmup   1: 16384 op, 589325042.00 ns, 35.9695 us/op
WorkloadWarmup   2: 16384 op, 618402958.00 ns, 37.7443 us/op
WorkloadWarmup   3: 16384 op, 598660542.00 ns, 36.5393 us/op

// BeforeActualRun
WorkloadActual   1: 16384 op, 601077666.00 ns, 36.6869 us/op
WorkloadActual   2: 16384 op, 597765084.00 ns, 36.4847 us/op
WorkloadActual   3: 16384 op, 602837583.00 ns, 36.7943 us/op
WorkloadActual   4: 16384 op, 600507542.00 ns, 36.6521 us/op
WorkloadActual   5: 16384 op, 604998667.00 ns, 36.9262 us/op

// AfterActualRun
WorkloadResult   1: 16384 op, 601044353.50 ns, 36.6848 us/op
WorkloadResult   2: 16384 op, 597731771.50 ns, 36.4827 us/op
WorkloadResult   3: 16384 op, 602804270.50 ns, 36.7923 us/op
WorkloadResult   4: 16384 op, 600474229.50 ns, 36.6500 us/op
WorkloadResult   5: 16384 op, 604965354.50 ns, 36.9242 us/op
// GC:  52 4 0 439746560 16384
// Threading:  0 0 16384

// AfterAll
// Benchmark Process 6972 has exited with code 0.

Mean = 36.707 μs, StdErr = 0.074 μs (0.20%), N = 5, StdDev = 0.165 μs
Min = 36.483 μs, Q1 = 36.650 μs, Median = 36.685 μs, Q3 = 36.792 μs, Max = 36.924 μs
IQR = 0.142 μs, LowerFence = 36.437 μs, UpperFence = 37.006 μs
ConfidenceInterval = [36.073 μs; 37.341 μs] (CI 99.9%), Margin = 0.634 μs (1.73% of Mean)
Skewness = -0.03, Kurtosis = 1.31, MValue = 2

// ** Remained 4 (33.3%) benchmark(s) to run. Estimated finish 2026-08-08 22:36 (0h 0m from now) **
// **************************
// Benchmark: RepeatedEnumerationBenchmarks.EnumerateWhereThreeTimes: .NET 10.0.8(Runtime=.NET 10.0, Concurrent=True, Server=False, IterationCount=5, LaunchCount=1, WarmupCount=3) [Count=100000, Source=Array]
// *** Execute ***
// Launch: 1 / 1
// Execute: dotnet "LinqPatterns.Benchmarks-.NET 10.0.8-1.dll" --anonymousPipes 129 130 --benchmarkName "LinqPatterns.Benchmarks.RepeatedEnumerationBenchmarks.EnumerateWhereThreeTimes(Count: 100000, Source: Array)" --job ".NET 10.0.8" --benchmarkId 8 in /Users/kokosda/Downloads/LINQ-Isnt-Slow-These-LINQ-Patterns-Are.Benchmarks/bin/Release/net10.0/LinqPatterns.Benchmarks-.NET 10.0.8-1/bin/Release/net10.0
// Failed to set up high priority (Permission denied). In order to run benchmarks with high priority, make sure you have the right permissions.
// BeforeAnythingElse

// Benchmark Process Environment Information:
// BenchmarkDotNet v0.15.8
// Runtime=.NET 10.0.8 (10.0.8, 10.0.826.23019), Arm64 RyuJIT armv8.0-a
// GC=Concurrent Workstation
// HardwareIntrinsics=ArmBase+AdvSimd,AES,CRC32,DP,RDM,SHA1,SHA256 VectorSize=128
// Job: .NET 10.0.8(Concurrent=True, Server=False, IterationCount=5, LaunchCount=1, WarmupCount=3)

OverheadJitting  1: 1 op, 94625.00 ns, 94.6250 us/op
WorkloadJitting  1: 1 op, 663667.00 ns, 663.6670 us/op

OverheadJitting  2: 16 op, 181833.00 ns, 11.3646 us/op
WorkloadJitting  2: 16 op, 7905042.00 ns, 494.0651 us/op

WorkloadPilot    1: 16 op, 7901250.00 ns, 493.8281 us/op
WorkloadPilot    2: 32 op, 15682583.00 ns, 490.0807 us/op
WorkloadPilot    3: 64 op, 31062667.00 ns, 485.3542 us/op
WorkloadPilot    4: 128 op, 61337000.00 ns, 479.1953 us/op
WorkloadPilot    5: 256 op, 98452875.00 ns, 384.5815 us/op
WorkloadPilot    6: 512 op, 181738917.00 ns, 354.9588 us/op
WorkloadPilot    7: 1024 op, 336162459.00 ns, 328.2837 us/op
WorkloadPilot    8: 2048 op, 727099208.00 ns, 355.0289 us/op

OverheadWarmup   1: 2048 op, 6250.00 ns, 3.0518 ns/op
OverheadWarmup   2: 2048 op, 3834.00 ns, 1.8721 ns/op
OverheadWarmup   3: 2048 op, 4833.00 ns, 2.3599 ns/op
OverheadWarmup   4: 2048 op, 4834.00 ns, 2.3604 ns/op
OverheadWarmup   5: 2048 op, 4583.00 ns, 2.2378 ns/op
OverheadWarmup   6: 2048 op, 4583.00 ns, 2.2378 ns/op
OverheadWarmup   7: 2048 op, 4750.00 ns, 2.3193 ns/op

OverheadActual   1: 2048 op, 4584.00 ns, 2.2383 ns/op
OverheadActual   2: 2048 op, 5000.00 ns, 2.4414 ns/op
OverheadActual   3: 2048 op, 4625.00 ns, 2.2583 ns/op
OverheadActual   4: 2048 op, 4834.00 ns, 2.3604 ns/op
OverheadActual   5: 2048 op, 4625.00 ns, 2.2583 ns/op
OverheadActual   6: 2048 op, 4750.00 ns, 2.3193 ns/op
OverheadActual   7: 2048 op, 4584.00 ns, 2.2383 ns/op
OverheadActual   8: 2048 op, 4833.00 ns, 2.3599 ns/op
OverheadActual   9: 2048 op, 4125.00 ns, 2.0142 ns/op
OverheadActual  10: 2048 op, 4583.00 ns, 2.2378 ns/op
OverheadActual  11: 2048 op, 4667.00 ns, 2.2788 ns/op
OverheadActual  12: 2048 op, 4583.00 ns, 2.2378 ns/op
OverheadActual  13: 2048 op, 4542.00 ns, 2.2178 ns/op
OverheadActual  14: 2048 op, 4834.00 ns, 2.3604 ns/op
OverheadActual  15: 2048 op, 4125.00 ns, 2.0142 ns/op
OverheadActual  16: 2048 op, 4500.00 ns, 2.1973 ns/op
OverheadActual  17: 2048 op, 4583.00 ns, 2.2378 ns/op

WorkloadWarmup   1: 2048 op, 747365625.00 ns, 364.9246 us/op
WorkloadWarmup   2: 2048 op, 726863666.00 ns, 354.9139 us/op
WorkloadWarmup   3: 2048 op, 732343875.00 ns, 357.5898 us/op

// BeforeActualRun
WorkloadActual   1: 2048 op, 755244500.00 ns, 368.7717 us/op
WorkloadActual   2: 2048 op, 770607875.00 ns, 376.2734 us/op
WorkloadActual   3: 2048 op, 734203875.00 ns, 358.4980 us/op
WorkloadActual   4: 2048 op, 743724084.00 ns, 363.1465 us/op
WorkloadActual   5: 2048 op, 796063458.00 ns, 388.7029 us/op

// AfterActualRun
WorkloadResult   1: 2048 op, 755239916.00 ns, 368.7695 us/op
WorkloadResult   2: 2048 op, 770603291.00 ns, 376.2711 us/op
WorkloadResult   3: 2048 op, 734199291.00 ns, 358.4957 us/op
WorkloadResult   4: 2048 op, 743719500.00 ns, 363.1443 us/op
WorkloadResult   5: 2048 op, 796058874.00 ns, 388.7006 us/op
// GC:  0 0 0 294912 2048
// Threading:  0 0 2048

// AfterAll
// Benchmark Process 6977 has exited with code 0.

Mean = 371.076 μs, StdErr = 5.311 μs (1.43%), N = 5, StdDev = 11.876 μs
Min = 358.496 μs, Q1 = 363.144 μs, Median = 368.769 μs, Q3 = 376.271 μs, Max = 388.701 μs
IQR = 13.127 μs, LowerFence = 343.454 μs, UpperFence = 395.961 μs
ConfidenceInterval = [325.348 μs; 416.805 μs] (CI 99.9%), Margin = 45.728 μs (12.32% of Mean)
Skewness = 0.37, Kurtosis = 1.27, MValue = 2

// ** Remained 3 (25.0%) benchmark(s) to run. Estimated finish 2026-08-08 22:36 (0h 0m from now) **
// **************************
// Benchmark: RepeatedEnumerationBenchmarks.MaterializeThenEnumerateThreeTimes: .NET 10.0.8(Runtime=.NET 10.0, Concurrent=True, Server=False, IterationCount=5, LaunchCount=1, WarmupCount=3) [Count=100000, Source=Array]
// *** Execute ***
// Launch: 1 / 1
// Execute: dotnet "LinqPatterns.Benchmarks-.NET 10.0.8-1.dll" --anonymousPipes 129 130 --benchmarkName "LinqPatterns.Benchmarks.RepeatedEnumerationBenchmarks.MaterializeThenEnumerateThreeTimes(Count: 100000, Source: Array)" --job ".NET 10.0.8" --benchmarkId 9 in /Users/kokosda/Downloads/LINQ-Isnt-Slow-These-LINQ-Patterns-Are.Benchmarks/bin/Release/net10.0/LinqPatterns.Benchmarks-.NET 10.0.8-1/bin/Release/net10.0
// Failed to set up high priority (Permission denied). In order to run benchmarks with high priority, make sure you have the right permissions.
// BeforeAnythingElse

// Benchmark Process Environment Information:
// BenchmarkDotNet v0.15.8
// Runtime=.NET 10.0.8 (10.0.8, 10.0.826.23019), Arm64 RyuJIT armv8.0-a
// GC=Concurrent Workstation
// HardwareIntrinsics=ArmBase+AdvSimd,AES,CRC32,DP,RDM,SHA1,SHA256 VectorSize=128
// Job: .NET 10.0.8(Concurrent=True, Server=False, IterationCount=5, LaunchCount=1, WarmupCount=3)

OverheadJitting  1: 1 op, 90833.00 ns, 90.8330 us/op
WorkloadJitting  1: 1 op, 732792.00 ns, 732.7920 us/op

OverheadJitting  2: 16 op, 193209.00 ns, 12.0756 us/op
WorkloadJitting  2: 16 op, 10565166.00 ns, 660.3229 us/op

WorkloadPilot    1: 16 op, 10592417.00 ns, 662.0261 us/op
WorkloadPilot    2: 32 op, 20788958.00 ns, 649.6549 us/op
WorkloadPilot    3: 64 op, 42182583.00 ns, 659.1029 us/op
WorkloadPilot    4: 128 op, 84643042.00 ns, 661.2738 us/op
WorkloadPilot    5: 256 op, 76590583.00 ns, 299.1820 us/op
WorkloadPilot    6: 512 op, 144281625.00 ns, 281.8000 us/op
WorkloadPilot    7: 1024 op, 284893416.00 ns, 278.2162 us/op
WorkloadPilot    8: 2048 op, 567677542.00 ns, 277.1863 us/op

OverheadWarmup   1: 2048 op, 6041.00 ns, 2.9497 ns/op
OverheadWarmup   2: 2048 op, 4292.00 ns, 2.0957 ns/op
OverheadWarmup   3: 2048 op, 3958.00 ns, 1.9326 ns/op
OverheadWarmup   4: 2048 op, 4666.00 ns, 2.2783 ns/op
OverheadWarmup   5: 2048 op, 4666.00 ns, 2.2783 ns/op
OverheadWarmup   6: 2048 op, 4667.00 ns, 2.2788 ns/op
OverheadWarmup   7: 2048 op, 4709.00 ns, 2.2993 ns/op
OverheadWarmup   8: 2048 op, 4667.00 ns, 2.2788 ns/op

OverheadActual   1: 2048 op, 4875.00 ns, 2.3804 ns/op
OverheadActual   2: 2048 op, 4625.00 ns, 2.2583 ns/op
OverheadActual   3: 2048 op, 4625.00 ns, 2.2583 ns/op
OverheadActual   4: 2048 op, 4625.00 ns, 2.2583 ns/op
OverheadActual   5: 2048 op, 4667.00 ns, 2.2788 ns/op
OverheadActual   6: 2048 op, 4584.00 ns, 2.2383 ns/op
OverheadActual   7: 2048 op, 4167.00 ns, 2.0347 ns/op
OverheadActual   8: 2048 op, 4208.00 ns, 2.0547 ns/op
OverheadActual   9: 2048 op, 4250.00 ns, 2.0752 ns/op
OverheadActual  10: 2048 op, 4084.00 ns, 1.9941 ns/op
OverheadActual  11: 2048 op, 4125.00 ns, 2.0142 ns/op
OverheadActual  12: 2048 op, 4209.00 ns, 2.0552 ns/op
OverheadActual  13: 2048 op, 4125.00 ns, 2.0142 ns/op
OverheadActual  14: 2048 op, 4583.00 ns, 2.2378 ns/op
OverheadActual  15: 2048 op, 4250.00 ns, 2.0752 ns/op
OverheadActual  16: 2048 op, 4125.00 ns, 2.0142 ns/op
OverheadActual  17: 2048 op, 4041.00 ns, 1.9731 ns/op
OverheadActual  18: 2048 op, 4167.00 ns, 2.0347 ns/op
OverheadActual  19: 2048 op, 4625.00 ns, 2.2583 ns/op
OverheadActual  20: 2048 op, 4666.00 ns, 2.2783 ns/op

WorkloadWarmup   1: 2048 op, 565295209.00 ns, 276.0231 us/op
WorkloadWarmup   2: 2048 op, 564158000.00 ns, 275.4678 us/op
WorkloadWarmup   3: 2048 op, 566124209.00 ns, 276.4278 us/op

// BeforeActualRun
WorkloadActual   1: 2048 op, 573625583.00 ns, 280.0906 us/op
WorkloadActual   2: 2048 op, 570441209.00 ns, 278.5357 us/op
WorkloadActual   3: 2048 op, 567907166.00 ns, 277.2984 us/op
WorkloadActual   4: 2048 op, 567150625.00 ns, 276.9290 us/op
WorkloadActual   5: 2048 op, 569140166.00 ns, 277.9005 us/op

// AfterActualRun
WorkloadResult   1: 2048 op, 573621333.00 ns, 280.0885 us/op
WorkloadResult   2: 2048 op, 570436959.00 ns, 278.5337 us/op
WorkloadResult   3: 2048 op, 567902916.00 ns, 277.2963 us/op
WorkloadResult   4: 2048 op, 567146375.00 ns, 276.9269 us/op
WorkloadResult   5: 2048 op, 569135916.00 ns, 277.8984 us/op
// GC:  170 170 170 546446688 2048
// Threading:  0 0 2048

// AfterAll
// Benchmark Process 6979 has exited with code 0.

Mean = 278.149 μs, StdErr = 0.556 μs (0.20%), N = 5, StdDev = 1.244 μs
Min = 276.927 μs, Q1 = 277.296 μs, Median = 277.898 μs, Q3 = 278.534 μs, Max = 280.089 μs
IQR = 1.237 μs, LowerFence = 275.440 μs, UpperFence = 280.390 μs
ConfidenceInterval = [273.357 μs; 282.940 μs] (CI 99.9%), Margin = 4.791 μs (1.72% of Mean)
Skewness = 0.51, Kurtosis = 1.41, MValue = 2

// ** Remained 2 (16.7%) benchmark(s) to run. Estimated finish 2026-08-08 22:36 (0h 0m from now) **
// **************************
// Benchmark: RepeatedEnumerationBenchmarks.EnumerateWhereThreeTimes: .NET 10.0.8(Runtime=.NET 10.0, Concurrent=True, Server=False, IterationCount=5, LaunchCount=1, WarmupCount=3) [Count=100000, Source=Yield]
// *** Execute ***
// Launch: 1 / 1
// Execute: dotnet "LinqPatterns.Benchmarks-.NET 10.0.8-1.dll" --anonymousPipes 129 130 --benchmarkName "LinqPatterns.Benchmarks.RepeatedEnumerationBenchmarks.EnumerateWhereThreeTimes(Count: 100000, Source: Yield)" --job ".NET 10.0.8" --benchmarkId 10 in /Users/kokosda/Downloads/LINQ-Isnt-Slow-These-LINQ-Patterns-Are.Benchmarks/bin/Release/net10.0/LinqPatterns.Benchmarks-.NET 10.0.8-1/bin/Release/net10.0
// Failed to set up high priority (Permission denied). In order to run benchmarks with high priority, make sure you have the right permissions.
// BeforeAnythingElse

// Benchmark Process Environment Information:
// BenchmarkDotNet v0.15.8
// Runtime=.NET 10.0.8 (10.0.8, 10.0.826.23019), Arm64 RyuJIT armv8.0-a
// GC=Concurrent Workstation
// HardwareIntrinsics=ArmBase+AdvSimd,AES,CRC32,DP,RDM,SHA1,SHA256 VectorSize=128
// Job: .NET 10.0.8(Concurrent=True, Server=False, IterationCount=5, LaunchCount=1, WarmupCount=3)

OverheadJitting  1: 1 op, 84666.00 ns, 84.6660 us/op
WorkloadJitting  1: 1 op, 1854542.00 ns, 1.8545 ms/op

OverheadJitting  2: 16 op, 174958.00 ns, 10.9349 us/op
WorkloadJitting  2: 16 op, 28907291.00 ns, 1.8067 ms/op

WorkloadPilot    1: 16 op, 28726042.00 ns, 1.7954 ms/op
WorkloadPilot    2: 32 op, 56961333.00 ns, 1.7800 ms/op
WorkloadPilot    3: 64 op, 115081250.00 ns, 1.7981 ms/op
WorkloadPilot    4: 128 op, 88510041.00 ns, 691.4847 us/op
WorkloadPilot    5: 256 op, 118932250.00 ns, 464.5791 us/op
WorkloadPilot    6: 512 op, 238702417.00 ns, 466.2157 us/op
WorkloadPilot    7: 1024 op, 475618416.00 ns, 464.4711 us/op
WorkloadPilot    8: 2048 op, 947796583.00 ns, 462.7913 us/op

OverheadWarmup   1: 2048 op, 5417.00 ns, 2.6450 ns/op
OverheadWarmup   2: 2048 op, 4834.00 ns, 2.3604 ns/op
OverheadWarmup   3: 2048 op, 4625.00 ns, 2.2583 ns/op
OverheadWarmup   4: 2048 op, 4666.00 ns, 2.2783 ns/op
OverheadWarmup   5: 2048 op, 4834.00 ns, 2.3604 ns/op
OverheadWarmup   6: 2048 op, 4625.00 ns, 2.2583 ns/op
OverheadWarmup   7: 2048 op, 4625.00 ns, 2.2583 ns/op
OverheadWarmup   8: 2048 op, 4583.00 ns, 2.2378 ns/op

OverheadActual   1: 2048 op, 4792.00 ns, 2.3398 ns/op
OverheadActual   2: 2048 op, 4667.00 ns, 2.2788 ns/op
OverheadActual   3: 2048 op, 4583.00 ns, 2.2378 ns/op
OverheadActual   4: 2048 op, 4833.00 ns, 2.3599 ns/op
OverheadActual   5: 2048 op, 4708.00 ns, 2.2988 ns/op
OverheadActual   6: 2048 op, 4916.00 ns, 2.4004 ns/op
OverheadActual   7: 2048 op, 4625.00 ns, 2.2583 ns/op
OverheadActual   8: 2048 op, 4542.00 ns, 2.2178 ns/op
OverheadActual   9: 2048 op, 4666.00 ns, 2.2783 ns/op
OverheadActual  10: 2048 op, 4625.00 ns, 2.2583 ns/op
OverheadActual  11: 2048 op, 4584.00 ns, 2.2383 ns/op
OverheadActual  12: 2048 op, 4792.00 ns, 2.3398 ns/op
OverheadActual  13: 2048 op, 4583.00 ns, 2.2378 ns/op
OverheadActual  14: 2048 op, 4625.00 ns, 2.2583 ns/op
OverheadActual  15: 2048 op, 4791.00 ns, 2.3394 ns/op

WorkloadWarmup   1: 2048 op, 982242959.00 ns, 479.6108 us/op
WorkloadWarmup   2: 2048 op, 965945917.00 ns, 471.6533 us/op
WorkloadWarmup   3: 2048 op, 962659666.00 ns, 470.0487 us/op

// BeforeActualRun
WorkloadActual   1: 2048 op, 972704459.00 ns, 474.9533 us/op
WorkloadActual   2: 2048 op, 980694958.00 ns, 478.8550 us/op
WorkloadActual   3: 2048 op, 957001417.00 ns, 467.2858 us/op
WorkloadActual   4: 2048 op, 969363500.00 ns, 473.3220 us/op
WorkloadActual   5: 2048 op, 951910292.00 ns, 464.7999 us/op

// AfterActualRun
WorkloadResult   1: 2048 op, 972699793.00 ns, 474.9511 us/op
WorkloadResult   2: 2048 op, 980690292.00 ns, 478.8527 us/op
WorkloadResult   3: 2048 op, 956996751.00 ns, 467.2836 us/op
WorkloadResult   4: 2048 op, 969358834.00 ns, 473.3197 us/op
WorkloadResult   5: 2048 op, 951905626.00 ns, 464.7977 us/op
// GC:  0 0 0 344064 2048
// Threading:  0 0 2048

// AfterAll
// Benchmark Process 6983 has exited with code 0.

Mean = 471.841 μs, StdErr = 2.563 μs (0.54%), N = 5, StdDev = 5.732 μs
Min = 464.798 μs, Q1 = 467.284 μs, Median = 473.320 μs, Q3 = 474.951 μs, Max = 478.853 μs
IQR = 7.668 μs, LowerFence = 455.782 μs, UpperFence = 486.452 μs
ConfidenceInterval = [449.771 μs; 493.911 μs] (CI 99.9%), Margin = 22.070 μs (4.68% of Mean)
Skewness = -0.07, Kurtosis = 1, MValue = 2

// ** Remained 1 (8.3%) benchmark(s) to run. Estimated finish 2026-08-08 22:36 (0h 0m from now) **
// **************************
// Benchmark: RepeatedEnumerationBenchmarks.MaterializeThenEnumerateThreeTimes: .NET 10.0.8(Runtime=.NET 10.0, Concurrent=True, Server=False, IterationCount=5, LaunchCount=1, WarmupCount=3) [Count=100000, Source=Yield]
// *** Execute ***
// Launch: 1 / 1
// Execute: dotnet "LinqPatterns.Benchmarks-.NET 10.0.8-1.dll" --anonymousPipes 129 130 --benchmarkName "LinqPatterns.Benchmarks.RepeatedEnumerationBenchmarks.MaterializeThenEnumerateThreeTimes(Count: 100000, Source: Yield)" --job ".NET 10.0.8" --benchmarkId 11 in /Users/kokosda/Downloads/LINQ-Isnt-Slow-These-LINQ-Patterns-Are.Benchmarks/bin/Release/net10.0/LinqPatterns.Benchmarks-.NET 10.0.8-1/bin/Release/net10.0
// Failed to set up high priority (Permission denied). In order to run benchmarks with high priority, make sure you have the right permissions.
// BeforeAnythingElse

// Benchmark Process Environment Information:
// BenchmarkDotNet v0.15.8
// Runtime=.NET 10.0.8 (10.0.8, 10.0.826.23019), Arm64 RyuJIT armv8.0-a
// GC=Concurrent Workstation
// HardwareIntrinsics=ArmBase+AdvSimd,AES,CRC32,DP,RDM,SHA1,SHA256 VectorSize=128
// Job: .NET 10.0.8(Concurrent=True, Server=False, IterationCount=5, LaunchCount=1, WarmupCount=3)

OverheadJitting  1: 1 op, 89750.00 ns, 89.7500 us/op
WorkloadJitting  1: 1 op, 1696959.00 ns, 1.6970 ms/op

OverheadJitting  2: 16 op, 194208.00 ns, 12.1380 us/op
WorkloadJitting  2: 16 op, 25914583.00 ns, 1.6197 ms/op

WorkloadPilot    1: 16 op, 33557833.00 ns, 2.0974 ms/op
WorkloadPilot    2: 32 op, 53010459.00 ns, 1.6566 ms/op
WorkloadPilot    3: 64 op, 103907625.00 ns, 1.6236 ms/op
WorkloadPilot    4: 128 op, 186018166.00 ns, 1.4533 ms/op
WorkloadPilot    5: 256 op, 101516750.00 ns, 396.5498 us/op
WorkloadPilot    6: 512 op, 198683375.00 ns, 388.0535 us/op
WorkloadPilot    7: 1024 op, 403323500.00 ns, 393.8706 us/op
WorkloadPilot    8: 2048 op, 802617000.00 ns, 391.9028 us/op

OverheadWarmup   1: 2048 op, 6042.00 ns, 2.9502 ns/op
OverheadWarmup   2: 2048 op, 3791.00 ns, 1.8511 ns/op
OverheadWarmup   3: 2048 op, 4792.00 ns, 2.3398 ns/op
OverheadWarmup   4: 2048 op, 4833.00 ns, 2.3599 ns/op
OverheadWarmup   5: 2048 op, 4625.00 ns, 2.2583 ns/op
OverheadWarmup   6: 2048 op, 4708.00 ns, 2.2988 ns/op
OverheadWarmup   7: 2048 op, 4375.00 ns, 2.1362 ns/op

OverheadActual   1: 2048 op, 4666.00 ns, 2.2783 ns/op
OverheadActual   2: 2048 op, 4625.00 ns, 2.2583 ns/op
OverheadActual   3: 2048 op, 4625.00 ns, 2.2583 ns/op
OverheadActual   4: 2048 op, 4958.00 ns, 2.4209 ns/op
OverheadActual   5: 2048 op, 4584.00 ns, 2.2383 ns/op
OverheadActual   6: 2048 op, 4166.00 ns, 2.0342 ns/op
OverheadActual   7: 2048 op, 4542.00 ns, 2.2178 ns/op
OverheadActual   8: 2048 op, 4583.00 ns, 2.2378 ns/op
OverheadActual   9: 2048 op, 4208.00 ns, 2.0547 ns/op
OverheadActual  10: 2048 op, 4625.00 ns, 2.2583 ns/op
OverheadActual  11: 2048 op, 4625.00 ns, 2.2583 ns/op
OverheadActual  12: 2048 op, 4875.00 ns, 2.3804 ns/op
OverheadActual  13: 2048 op, 4375.00 ns, 2.1362 ns/op
OverheadActual  14: 2048 op, 4667.00 ns, 2.2788 ns/op
OverheadActual  15: 2048 op, 4083.00 ns, 1.9937 ns/op
OverheadActual  16: 2048 op, 4583.00 ns, 2.2378 ns/op
OverheadActual  17: 2048 op, 4167.00 ns, 2.0347 ns/op
OverheadActual  18: 2048 op, 4792.00 ns, 2.3398 ns/op
OverheadActual  19: 2048 op, 7708.00 ns, 3.7637 ns/op
OverheadActual  20: 2048 op, 3833.00 ns, 1.8716 ns/op

WorkloadWarmup   1: 2048 op, 799929000.00 ns, 390.5903 us/op
WorkloadWarmup   2: 2048 op, 795885625.00 ns, 388.6160 us/op
WorkloadWarmup   3: 2048 op, 797568541.00 ns, 389.4378 us/op

// BeforeActualRun
WorkloadActual   1: 2048 op, 805467208.00 ns, 393.2945 us/op
WorkloadActual   2: 2048 op, 804559500.00 ns, 392.8513 us/op
WorkloadActual   3: 2048 op, 806161917.00 ns, 393.6337 us/op
WorkloadActual   4: 2048 op, 804330500.00 ns, 392.7395 us/op
WorkloadActual   5: 2048 op, 802939084.00 ns, 392.0601 us/op

// AfterActualRun
WorkloadResult   1: 2048 op, 805462603.50 ns, 393.2923 us/op
WorkloadResult   2: 2048 op, 804554895.50 ns, 392.8491 us/op
WorkloadResult   3: 2048 op, 806157312.50 ns, 393.6315 us/op
WorkloadResult   4: 2048 op, 804325895.50 ns, 392.7373 us/op
WorkloadResult   5: 2048 op, 802934479.50 ns, 392.0579 us/op
// GC:  170 170 170 546463072 2048
// Threading:  0 0 2048

// AfterAll
// Benchmark Process 6988 has exited with code 0.

Mean = 392.914 μs, StdErr = 0.267 μs (0.07%), N = 5, StdDev = 0.597 μs
Min = 392.058 μs, Q1 = 392.737 μs, Median = 392.849 μs, Q3 = 393.292 μs, Max = 393.632 μs
IQR = 0.555 μs, LowerFence = 391.905 μs, UpperFence = 394.125 μs
ConfidenceInterval = [390.614 μs; 395.213 μs] (CI 99.9%), Margin = 2.299 μs (0.59% of Mean)
Skewness = -0.2, Kurtosis = 1.3, MValue = 2

// ** Remained 0 (0.0%) benchmark(s) to run. Estimated finish 2026-08-08 22:36 (0h 0m from now) **
// ***** BenchmarkRunner: Finish  *****

// * Export *
  BenchmarkDotNet.Artifacts/results/LinqPatterns.Benchmarks.RepeatedEnumerationBenchmarks-report.csv
  BenchmarkDotNet.Artifacts/results/LinqPatterns.Benchmarks.RepeatedEnumerationBenchmarks-report-github.md
  BenchmarkDotNet.Artifacts/results/LinqPatterns.Benchmarks.RepeatedEnumerationBenchmarks-report.html

// * Detailed results *
RepeatedEnumerationBenchmarks.EnumerateWhereThreeTimes: .NET 10.0.8(Runtime=.NET 10.0, Concurrent=True, Server=False, IterationCount=5, LaunchCount=1, WarmupCount=3) [Count=100, Source=Array]
Runtime = .NET 10.0.8 (10.0.8, 10.0.826.23019), Arm64 RyuJIT armv8.0-a; GC = Concurrent Workstation
Mean = 374.106 ns, StdErr = 4.445 ns (1.19%), N = 5, StdDev = 9.939 ns
Min = 360.585 ns, Q1 = 368.301 ns, Median = 376.725 ns, Q3 = 378.443 ns, Max = 386.474 ns
IQR = 10.142 ns, LowerFence = 353.088 ns, UpperFence = 393.657 ns
ConfidenceInterval = [335.834 ns; 412.378 ns] (CI 99.9%), Margin = 38.272 ns (10.23% of Mean)
Skewness = -0.14, Kurtosis = 1.2, MValue = 2
-------------------- Histogram --------------------
[356.815 ns ; 373.971 ns) | @@
[373.971 ns ; 389.228 ns) | @@@
---------------------------------------------------

RepeatedEnumerationBenchmarks.MaterializeThenEnumerateThreeTimes: .NET 10.0.8(Runtime=.NET 10.0, Concurrent=True, Server=False, IterationCount=5, LaunchCount=1, WarmupCount=3) [Count=100, Source=Array]
Runtime = .NET 10.0.8 (10.0.8, 10.0.826.23019), Arm64 RyuJIT armv8.0-a; GC = Concurrent Workstation
Mean = 226.723 ns, StdErr = 0.421 ns (0.19%), N = 5, StdDev = 0.942 ns
Min = 225.509 ns, Q1 = 225.948 ns, Median = 227.059 ns, Q3 = 227.548 ns, Max = 227.549 ns
IQR = 1.600 ns, LowerFence = 223.547 ns, UpperFence = 229.949 ns
ConfidenceInterval = [223.094 ns; 230.351 ns] (CI 99.9%), Margin = 3.629 ns (1.60% of Mean)
Skewness = -0.26, Kurtosis = 0.88, MValue = 2
-------------------- Histogram --------------------
[224.785 ns ; 228.272 ns) | @@@@@
---------------------------------------------------

RepeatedEnumerationBenchmarks.EnumerateWhereThreeTimes: .NET 10.0.8(Runtime=.NET 10.0, Concurrent=True, Server=False, IterationCount=5, LaunchCount=1, WarmupCount=3) [Count=100, Source=Yield]
Runtime = .NET 10.0.8 (10.0.8, 10.0.826.23019), Arm64 RyuJIT armv8.0-a; GC = Concurrent Workstation
Mean = 474.279 ns, StdErr = 1.565 ns (0.33%), N = 5, StdDev = 3.499 ns
Min = 468.791 ns, Q1 = 473.359 ns, Median = 474.817 ns, Q3 = 476.729 ns, Max = 477.700 ns
IQR = 3.371 ns, LowerFence = 468.302 ns, UpperFence = 481.786 ns
ConfidenceInterval = [460.807 ns; 487.751 ns] (CI 99.9%), Margin = 13.472 ns (2.84% of Mean)
Skewness = -0.52, Kurtosis = 1.44, MValue = 2
-------------------- Histogram --------------------
[466.105 ns ; 480.385 ns) | @@@@@
---------------------------------------------------

RepeatedEnumerationBenchmarks.MaterializeThenEnumerateThreeTimes: .NET 10.0.8(Runtime=.NET 10.0, Concurrent=True, Server=False, IterationCount=5, LaunchCount=1, WarmupCount=3) [Count=100, Source=Yield]
Runtime = .NET 10.0.8 (10.0.8, 10.0.826.23019), Arm64 RyuJIT armv8.0-a; GC = Concurrent Workstation
Mean = 310.744 ns, StdErr = 0.381 ns (0.12%), N = 5, StdDev = 0.853 ns
Min = 309.652 ns, Q1 = 310.371 ns, Median = 310.528 ns, Q3 = 311.340 ns, Max = 311.828 ns
IQR = 0.969 ns, LowerFence = 308.918 ns, UpperFence = 312.794 ns
ConfidenceInterval = [307.460 ns; 314.028 ns] (CI 99.9%), Margin = 3.284 ns (1.06% of Mean)
Skewness = 0.04, Kurtosis = 1.12, MValue = 2
-------------------- Histogram --------------------
[308.997 ns ; 312.483 ns) | @@@@@
---------------------------------------------------

RepeatedEnumerationBenchmarks.EnumerateWhereThreeTimes: .NET 10.0.8(Runtime=.NET 10.0, Concurrent=True, Server=False, IterationCount=5, LaunchCount=1, WarmupCount=3) [Count=10000, Source=Array]
Runtime = .NET 10.0.8 (10.0.8, 10.0.826.23019), Arm64 RyuJIT armv8.0-a; GC = Concurrent Workstation
Mean = 37.962 μs, StdErr = 0.317 μs (0.84%), N = 4, StdDev = 0.634 μs
Min = 37.156 μs, Q1 = 37.760 μs, Median = 37.993 μs, Q3 = 38.195 μs, Max = 38.706 μs
IQR = 0.435 μs, LowerFence = 37.108 μs, UpperFence = 38.848 μs
ConfidenceInterval = [33.862 μs; 42.062 μs] (CI 99.9%), Margin = 4.100 μs (10.80% of Mean)
Skewness = -0.11, Kurtosis = 1.12, MValue = 2
-------------------- Histogram --------------------
[36.631 μs ; 37.809 μs) | @
[37.809 μs ; 38.859 μs) | @@@
---------------------------------------------------

RepeatedEnumerationBenchmarks.MaterializeThenEnumerateThreeTimes: .NET 10.0.8(Runtime=.NET 10.0, Concurrent=True, Server=False, IterationCount=5, LaunchCount=1, WarmupCount=3) [Count=10000, Source=Array]
Runtime = .NET 10.0.8 (10.0.8, 10.0.826.23019), Arm64 RyuJIT armv8.0-a; GC = Concurrent Workstation
Mean = 26.414 μs, StdErr = 0.062 μs (0.24%), N = 5, StdDev = 0.140 μs
Min = 26.259 μs, Q1 = 26.319 μs, Median = 26.383 μs, Q3 = 26.511 μs, Max = 26.600 μs
IQR = 0.192 μs, LowerFence = 26.032 μs, UpperFence = 26.799 μs
ConfidenceInterval = [25.877 μs; 26.952 μs] (CI 99.9%), Margin = 0.537 μs (2.03% of Mean)
Skewness = 0.19, Kurtosis = 1.02, MValue = 2
-------------------- Histogram --------------------
[26.152 μs ; 26.707 μs) | @@@@@
---------------------------------------------------

RepeatedEnumerationBenchmarks.EnumerateWhereThreeTimes: .NET 10.0.8(Runtime=.NET 10.0, Concurrent=True, Server=False, IterationCount=5, LaunchCount=1, WarmupCount=3) [Count=10000, Source=Yield]
Runtime = .NET 10.0.8 (10.0.8, 10.0.826.23019), Arm64 RyuJIT armv8.0-a; GC = Concurrent Workstation
Mean = 45.412 μs, StdErr = 0.134 μs (0.30%), N = 5, StdDev = 0.301 μs
Min = 45.095 μs, Q1 = 45.161 μs, Median = 45.357 μs, Q3 = 45.707 μs, Max = 45.740 μs
IQR = 0.547 μs, LowerFence = 44.341 μs, UpperFence = 46.527 μs
ConfidenceInterval = [44.254 μs; 46.570 μs] (CI 99.9%), Margin = 1.158 μs (2.55% of Mean)
Skewness = 0.1, Kurtosis = 0.82, MValue = 2
-------------------- Histogram --------------------
[44.864 μs ; 45.971 μs) | @@@@@
---------------------------------------------------

RepeatedEnumerationBenchmarks.MaterializeThenEnumerateThreeTimes: .NET 10.0.8(Runtime=.NET 10.0, Concurrent=True, Server=False, IterationCount=5, LaunchCount=1, WarmupCount=3) [Count=10000, Source=Yield]
Runtime = .NET 10.0.8 (10.0.8, 10.0.826.23019), Arm64 RyuJIT armv8.0-a; GC = Concurrent Workstation
Mean = 36.707 μs, StdErr = 0.074 μs (0.20%), N = 5, StdDev = 0.165 μs
Min = 36.483 μs, Q1 = 36.650 μs, Median = 36.685 μs, Q3 = 36.792 μs, Max = 36.924 μs
IQR = 0.142 μs, LowerFence = 36.437 μs, UpperFence = 37.006 μs
ConfidenceInterval = [36.073 μs; 37.341 μs] (CI 99.9%), Margin = 0.634 μs (1.73% of Mean)
Skewness = -0.03, Kurtosis = 1.31, MValue = 2
-------------------- Histogram --------------------
[36.356 μs ; 37.051 μs) | @@@@@
---------------------------------------------------

RepeatedEnumerationBenchmarks.EnumerateWhereThreeTimes: .NET 10.0.8(Runtime=.NET 10.0, Concurrent=True, Server=False, IterationCount=5, LaunchCount=1, WarmupCount=3) [Count=100000, Source=Array]
Runtime = .NET 10.0.8 (10.0.8, 10.0.826.23019), Arm64 RyuJIT armv8.0-a; GC = Concurrent Workstation
Mean = 371.076 μs, StdErr = 5.311 μs (1.43%), N = 5, StdDev = 11.876 μs
Min = 358.496 μs, Q1 = 363.144 μs, Median = 368.769 μs, Q3 = 376.271 μs, Max = 388.701 μs
IQR = 13.127 μs, LowerFence = 343.454 μs, UpperFence = 395.961 μs
ConfidenceInterval = [325.348 μs; 416.805 μs] (CI 99.9%), Margin = 45.728 μs (12.32% of Mean)
Skewness = 0.37, Kurtosis = 1.27, MValue = 2
-------------------- Histogram --------------------
[358.268 μs ; 376.499 μs) | @@@@
[376.499 μs ; 397.816 μs) | @
---------------------------------------------------

RepeatedEnumerationBenchmarks.MaterializeThenEnumerateThreeTimes: .NET 10.0.8(Runtime=.NET 10.0, Concurrent=True, Server=False, IterationCount=5, LaunchCount=1, WarmupCount=3) [Count=100000, Source=Array]
Runtime = .NET 10.0.8 (10.0.8, 10.0.826.23019), Arm64 RyuJIT armv8.0-a; GC = Concurrent Workstation
Mean = 278.149 μs, StdErr = 0.556 μs (0.20%), N = 5, StdDev = 1.244 μs
Min = 276.927 μs, Q1 = 277.296 μs, Median = 277.898 μs, Q3 = 278.534 μs, Max = 280.089 μs
IQR = 1.237 μs, LowerFence = 275.440 μs, UpperFence = 280.390 μs
ConfidenceInterval = [273.357 μs; 282.940 μs] (CI 99.9%), Margin = 4.791 μs (1.72% of Mean)
Skewness = 0.51, Kurtosis = 1.41, MValue = 2
-------------------- Histogram --------------------
[275.972 μs ; 281.044 μs) | @@@@@
---------------------------------------------------

RepeatedEnumerationBenchmarks.EnumerateWhereThreeTimes: .NET 10.0.8(Runtime=.NET 10.0, Concurrent=True, Server=False, IterationCount=5, LaunchCount=1, WarmupCount=3) [Count=100000, Source=Yield]
Runtime = .NET 10.0.8 (10.0.8, 10.0.826.23019), Arm64 RyuJIT armv8.0-a; GC = Concurrent Workstation
Mean = 471.841 μs, StdErr = 2.563 μs (0.54%), N = 5, StdDev = 5.732 μs
Min = 464.798 μs, Q1 = 467.284 μs, Median = 473.320 μs, Q3 = 474.951 μs, Max = 478.853 μs
IQR = 7.668 μs, LowerFence = 455.782 μs, UpperFence = 486.452 μs
ConfidenceInterval = [449.771 μs; 493.911 μs] (CI 99.9%), Margin = 22.070 μs (4.68% of Mean)
Skewness = -0.07, Kurtosis = 1, MValue = 2
-------------------- Histogram --------------------
[461.380 μs ; 480.847 μs) | @@@@@
---------------------------------------------------

RepeatedEnumerationBenchmarks.MaterializeThenEnumerateThreeTimes: .NET 10.0.8(Runtime=.NET 10.0, Concurrent=True, Server=False, IterationCount=5, LaunchCount=1, WarmupCount=3) [Count=100000, Source=Yield]
Runtime = .NET 10.0.8 (10.0.8, 10.0.826.23019), Arm64 RyuJIT armv8.0-a; GC = Concurrent Workstation
Mean = 392.914 μs, StdErr = 0.267 μs (0.07%), N = 5, StdDev = 0.597 μs
Min = 392.058 μs, Q1 = 392.737 μs, Median = 392.849 μs, Q3 = 393.292 μs, Max = 393.632 μs
IQR = 0.555 μs, LowerFence = 391.905 μs, UpperFence = 394.125 μs
ConfidenceInterval = [390.614 μs; 395.213 μs] (CI 99.9%), Margin = 2.299 μs (0.59% of Mean)
Skewness = -0.2, Kurtosis = 1.3, MValue = 2
-------------------- Histogram --------------------
[391.600 μs ; 394.090 μs) | @@@@@
---------------------------------------------------

// * Summary *

BenchmarkDotNet v0.15.8, macOS Sequoia 15.7.4 (24G517) [Darwin 24.6.0]
Apple M4, 1 CPU, 10 logical and 10 physical cores
.NET SDK 10.0.300
  [Host]      : .NET 10.0.8 (10.0.8, 10.0.826.23019), Arm64 RyuJIT armv8.0-a
  .NET 10.0.8 : .NET 10.0.8 (10.0.8, 10.0.826.23019), Arm64 RyuJIT armv8.0-a

Job=.NET 10.0.8  Runtime=.NET 10.0  Concurrent=True  
Server=False  IterationCount=5  LaunchCount=1  
WarmupCount=3  

| Method                             | Count  | Source | Mean         | Error        | StdDev       | Ratio | RatioSD | Gen0    | Gen1    | Gen2    | Allocated | Alloc Ratio |
|----------------------------------- |------- |------- |-------------:|-------------:|-------------:|------:|--------:|--------:|--------:|--------:|----------:|------------:|
| EnumerateWhereThreeTimes           | 100    | Array  |     374.1 ns |     38.27 ns |      9.94 ns |  1.00 |    0.03 |  0.0172 |       - |       - |     144 B |        1.00 |
| MaterializeThenEnumerateThreeTimes | 100    | Array  |     226.7 ns |      3.63 ns |      0.94 ns |  0.61 |    0.01 |  0.0401 |       - |       - |     336 B |        2.33 |
|                                    |        |        |              |              |              |       |         |         |         |         |           |             |
| EnumerateWhereThreeTimes           | 100    | Yield  |     474.3 ns |     13.47 ns |      3.50 ns |  1.00 |    0.01 |  0.0200 |       - |       - |     168 B |        1.00 |
| MaterializeThenEnumerateThreeTimes | 100    | Yield  |     310.7 ns |      3.28 ns |      0.85 ns |  0.66 |    0.00 |  0.0410 |       - |       - |     344 B |        2.05 |
|                                    |        |        |              |              |              |       |         |         |         |         |           |             |
| EnumerateWhereThreeTimes           | 10000  | Array  |  37,962.2 ns |  4,099.99 ns |    634.48 ns |  1.00 |    0.02 |       - |       - |       - |     144 B |        1.00 |
| MaterializeThenEnumerateThreeTimes | 10000  | Array  |  26,414.4 ns |    537.32 ns |    139.54 ns |  0.70 |    0.01 |  3.1738 |  0.2747 |       - |   26832 B |      186.33 |
|                                    |        |        |              |              |              |       |         |         |         |         |           |             |
| EnumerateWhereThreeTimes           | 10000  | Yield  |  45,411.9 ns |  1,157.91 ns |    300.71 ns |  1.00 |    0.01 |       - |       - |       - |     168 B |        1.00 |
| MaterializeThenEnumerateThreeTimes | 10000  | Yield  |  36,706.8 ns |    634.16 ns |    164.69 ns |  0.81 |    0.01 |  3.1738 |  0.2441 |       - |   26840 B |      159.76 |
|                                    |        |        |              |              |              |       |         |         |         |         |           |             |
| EnumerateWhereThreeTimes           | 100000 | Array  | 371,076.3 ns | 45,728.39 ns | 11,875.52 ns |  1.00 |    0.04 |       - |       - |       - |     144 B |        1.00 |
| MaterializeThenEnumerateThreeTimes | 100000 | Array  | 278,148.8 ns |  4,791.32 ns |  1,244.29 ns |  0.75 |    0.02 | 83.0078 | 83.0078 | 83.0078 |  266820 B |    1,852.92 |
|                                    |        |        |              |              |              |       |         |         |         |         |           |             |
| EnumerateWhereThreeTimes           | 100000 | Yield  | 471,840.9 ns | 22,070.07 ns |  5,731.53 ns |  1.00 |    0.02 |       - |       - |       - |     168 B |        1.00 |
| MaterializeThenEnumerateThreeTimes | 100000 | Yield  | 392,913.6 ns |  2,299.41 ns |    597.15 ns |  0.83 |    0.01 | 83.0078 | 83.0078 | 83.0078 |  266828 B |    1,588.26 |

// * Hints *
Outliers
  RepeatedEnumerationBenchmarks.EnumerateWhereThreeTimes: .NET 10.0.8 -> 1 outlier  was  removed (40.11 μs)
// * Config Issues *

// * Warnings *
Configuration
  Summary -> The exporter CsvExporter is already present in configuration. There may be unexpected results.
  Summary -> The exporter MarkdownExporter-github is already present in configuration. There may be unexpected results.
  Summary -> The exporter HtmlExporter is already present in configuration. There may be unexpected results.

// * Legends *
  Count       : Value of the 'Count' parameter
  Source      : Value of the 'Source' parameter
  Mean        : Arithmetic mean of all measurements
  Error       : Half of 99.9% confidence interval
  StdDev      : Standard deviation of all measurements
  Ratio       : Mean of the ratio distribution ([Current]/[Baseline])
  RatioSD     : Standard deviation of the ratio distribution ([Current]/[Baseline])
  Gen0        : GC Generation 0 collects per 1000 operations
  Gen1        : GC Generation 1 collects per 1000 operations
  Gen2        : GC Generation 2 collects per 1000 operations
  Allocated   : Allocated memory per single operation (managed only, inclusive, 1KB = 1024B)
  Alloc Ratio : Allocated memory ratio distribution ([Current]/[Baseline])
  1 ns        : 1 Nanosecond (0.000000001 sec)

// * Diagnostic Output - MemoryDiagnoser *


// ***** BenchmarkRunner: End *****
Run time: 00:01:40 (100.81 sec), executed benchmarks: 12

Global total time: 00:01:43 (103.57 sec), executed benchmarks: 12
// * Artifacts cleanup *
Artifacts cleanup is finished
